Archive member included to satisfy reference by file (symbol)

c:/program files (x86)/gnu tools arm embedded/5.4 2016q3/bin/../lib/gcc/arm-none-eabi/5.4.1/armv7-m\libgcc.a(_arm_addsubdf3.o)
                              ..\obj\main.o (__aeabi_i2d)
c:/program files (x86)/gnu tools arm embedded/5.4 2016q3/bin/../lib/gcc/arm-none-eabi/5.4.1/armv7-m\libgcc.a(_arm_muldivdf3.o)
                              ..\obj\main.o (__aeabi_dmul)
c:/program files (x86)/gnu tools arm embedded/5.4 2016q3/bin/../lib/gcc/arm-none-eabi/5.4.1/armv7-m\libgcc.a(_arm_fixdfsi.o)
                              ..\obj\main.o (__aeabi_d2iz)
c:/program files (x86)/gnu tools arm embedded/5.4 2016q3/bin/../lib/gcc/arm-none-eabi/5.4.1/armv7-m\libgcc.a(_arm_addsubsf3.o)
                              ..\obj\radio.o (__aeabi_fsub)
c:/program files (x86)/gnu tools arm embedded/5.4 2016q3/bin/../lib/gcc/arm-none-eabi/5.4.1/armv7-m\libgcc.a(_arm_muldivsf3.o)
                              ..\obj\radio.o (__aeabi_fmul)
c:/program files (x86)/gnu tools arm embedded/5.4 2016q3/bin/../lib/gcc/arm-none-eabi/5.4.1/armv7-m\libgcc.a(_arm_cmpsf2.o)
                              ..\obj\radio.o (__aeabi_fcmpge)
c:/program files (x86)/gnu tools arm embedded/5.4 2016q3/bin/../lib/gcc/arm-none-eabi/5.4.1/armv7-m\libgcc.a(_arm_fixunssfsi.o)
                              ..\obj\radio.o (__aeabi_f2uiz)
c:/program files (x86)/gnu tools arm embedded/5.4 2016q3/bin/../lib/gcc/arm-none-eabi/5.4.1/armv7-m\libgcc.a(unwind-arm.o)
                              ..\obj\aprs.o (__aeabi_unwind_cpp_pr0)
c:/program files (x86)/gnu tools arm embedded/5.4 2016q3/bin/../lib/gcc/arm-none-eabi/5.4.1/armv7-m\libgcc.a(libunwind.o)
                              c:/program files (x86)/gnu tools arm embedded/5.4 2016q3/bin/../lib/gcc/arm-none-eabi/5.4.1/armv7-m\libgcc.a(unwind-arm.o) (restore_core_regs)
c:/program files (x86)/gnu tools arm embedded/5.4 2016q3/bin/../lib/gcc/arm-none-eabi/5.4.1/armv7-m\libgcc.a(pr-support.o)
                              c:/program files (x86)/gnu tools arm embedded/5.4 2016q3/bin/../lib/gcc/arm-none-eabi/5.4.1/armv7-m\libgcc.a(unwind-arm.o) (__gnu_unwind_execute)
c:/program files (x86)/gnu tools arm embedded/5.4 2016q3/bin/../lib/gcc/arm-none-eabi/5.4.1/../../../../arm-none-eabi/lib/armv7-m\libg_nano.a(lib_a-memcpy-stub.o)
                              ..\obj\startup_stm32f10x_md_vl.o (memcpy)
c:/program files (x86)/gnu tools arm embedded/5.4 2016q3/bin/../lib/gcc/arm-none-eabi/5.4.1/../../../../arm-none-eabi/lib/armv7-m\libg_nano.a(lib_a-memset.o)
                              ..\obj\ublox.o (memset)
c:/program files (x86)/gnu tools arm embedded/5.4 2016q3/bin/../lib/gcc/arm-none-eabi/5.4.1/../../../../arm-none-eabi/lib/armv7-m\libg_nano.a(lib_a-sprintf.o)
                              ..\obj\aprs.o (sprintf)
c:/program files (x86)/gnu tools arm embedded/5.4 2016q3/bin/../lib/gcc/arm-none-eabi/5.4.1/../../../../arm-none-eabi/lib/armv7-m\libg_nano.a(lib_a-strcpy.o)
                              ..\obj\QAPRSBase.o (strcpy)
c:/program files (x86)/gnu tools arm embedded/5.4 2016q3/bin/../lib/gcc/arm-none-eabi/5.4.1/../../../../arm-none-eabi/lib/armv7-m\libg_nano.a(lib_a-strlen.o)
                              ..\obj\QAPRSBase.o (strlen)
c:/program files (x86)/gnu tools arm embedded/5.4 2016q3/bin/../lib/gcc/arm-none-eabi/5.4.1/../../../../arm-none-eabi/lib/armv7-m\libg_nano.a(lib_a-strncpy.o)
                              ..\obj\QAPRSBase.o (strncpy)
c:/program files (x86)/gnu tools arm embedded/5.4 2016q3/bin/../lib/gcc/arm-none-eabi/5.4.1/../../../../arm-none-eabi/lib/armv7-m\libg_nano.a(lib_a-impure.o)
                              c:/program files (x86)/gnu tools arm embedded/5.4 2016q3/bin/../lib/gcc/arm-none-eabi/5.4.1/../../../../arm-none-eabi/lib/armv7-m\libg_nano.a(lib_a-sprintf.o) (_impure_ptr)
c:/program files (x86)/gnu tools arm embedded/5.4 2016q3/bin/../lib/gcc/arm-none-eabi/5.4.1/../../../../arm-none-eabi/lib/armv7-m\libg_nano.a(lib_a-nano-svfprintf.o)
                              c:/program files (x86)/gnu tools arm embedded/5.4 2016q3/bin/../lib/gcc/arm-none-eabi/5.4.1/../../../../arm-none-eabi/lib/armv7-m\libg_nano.a(lib_a-sprintf.o) (_svfprintf_r)
c:/program files (x86)/gnu tools arm embedded/5.4 2016q3/bin/../lib/gcc/arm-none-eabi/5.4.1/../../../../arm-none-eabi/lib/armv7-m\libg_nano.a(lib_a-nano-vfprintf_i.o)
                              c:/program files (x86)/gnu tools arm embedded/5.4 2016q3/bin/../lib/gcc/arm-none-eabi/5.4.1/../../../../arm-none-eabi/lib/armv7-m\libg_nano.a(lib_a-nano-svfprintf.o) (_printf_i)
c:/program files (x86)/gnu tools arm embedded/5.4 2016q3/bin/../lib/gcc/arm-none-eabi/5.4.1/../../../../arm-none-eabi/lib/armv7-m\libg_nano.a(lib_a-memchr-stub.o)
                              c:/program files (x86)/gnu tools arm embedded/5.4 2016q3/bin/../lib/gcc/arm-none-eabi/5.4.1/../../../../arm-none-eabi/lib/armv7-m\libg_nano.a(lib_a-nano-svfprintf.o) (memchr)
[...]
Memory Configuration

Name             Origin             Length             Attributes
rom              0x08000000         0x00010000         xr
ram              0x20000000         0x00002000         xrw
*default*        0x00000000         0xffffffff

Linker script and memory map

                0x20002000                _eram = 0x20002000

.text           0x08000000     0x4fbb
 *(.isr_vector)
 .isr_vector    0x08000000      0x124 ..\obj\startup_stm32f10x_md_vl.o
                0x08000000                g_pfnVectors
 *(.text*)
 .text.delay_init
                0x08000124       0x74 ..\obj\delay.o
                0x08000124                delay_init
 .text._delay_us
                0x08000198       0x44 ..\obj\delay.o
                0x08000198                _delay_us
 .text._delay_ms
                0x080001dc       0x4c ..\obj\delay.o
                0x080001dc                _delay_ms
 .text.TIM3_IRQHandler
                0x08000228       0x24 ..\obj\delay.o
                0x08000228                TIM3_IRQHandler
 .text.TIM_TimeBaseInit
                0x0800024c       0xa8 ..\obj\stm32f10x_tim.o
                0x0800024c                TIM_TimeBaseInit
 .text.TIM_Cmd  0x080002f4       0x1c ..\obj\stm32f10x_tim.o
                0x080002f4                TIM_Cmd
 .text.TIM_ITConfig
                0x08000310       0x14 ..\obj\stm32f10x_tim.o
                0x08000310                TIM_ITConfig
 .text.TIM_SetCounter
                0x08000324        0x4 ..\obj\stm32f10x_tim.o
                0x08000324                TIM_SetCounter
 .text.TIM_SetAutoreload
                0x08000328        0x4 ..\obj\stm32f10x_tim.o
                0x08000328                TIM_SetAutoreload
 .text.TIM_GetITStatus
                0x0800032c       0x18 ..\obj\stm32f10x_tim.o
                0x0800032c                TIM_GetITStatus
 .text.TIM_ClearITPendingBit
                0x08000344        0x8 ..\obj\stm32f10x_tim.o
                0x08000344                TIM_ClearITPendingBit
 .text.Default_Handler
                0x0800034c        0x4 ..\obj\startup_stm32f10x_md_vl.o
                0x0800034c                EXTI2_IRQHandler
                0x0800034c                DebugMon_Handler
                0x0800034c                TIM1_CC_IRQHandler
                0x0800034c                HardFault_Handler
                0x0800034c                SysTick_Handler
                0x0800034c                PVD_IRQHandler
                0x0800034c                PendSV_Handler
                0x0800034c                NMI_Handler
                0x0800034c                EXTI3_IRQHandler
                0x0800034c                EXTI0_IRQHandler
                0x0800034c                I2C2_EV_IRQHandler
                0x0800034c                TIM1_UP_TIM16_IRQHandler
                0x0800034c                UsageFault_Handler
                0x0800034c                SPI1_IRQHandler
                0x0800034c                TAMPER_IRQHandler
                0x0800034c                TIM6_DAC_IRQHandler
                0x0800034c                DMA1_Channel4_IRQHandler
                0x0800034c                ADC1_IRQHandler
                0x0800034c                USART3_IRQHandler
                0x0800034c                RTC_IRQHandler
                0x0800034c                DMA1_Channel7_IRQHandler
                0x0800034c                TIM4_IRQHandler
                0x0800034c                I2C1_EV_IRQHandler
                0x0800034c                DMA1_Channel6_IRQHandler
                0x0800034c                RCC_IRQHandler
                0x0800034c                DMA1_Channel1_IRQHandler
                0x0800034c                CEC_IRQHandler
                0x0800034c                EXTI15_10_IRQHandler
                0x0800034c                TIM7_IRQHandler
                0x0800034c                EXTI9_5_IRQHandler
                0x0800034c                SPI2_IRQHandler
                0x0800034c                MemManage_Handler
                0x0800034c                SVC_Handler
                0x0800034c                DMA1_Channel5_IRQHandler
                0x0800034c                EXTI4_IRQHandler
                0x0800034c                TIM1_TRG_COM_TIM17_IRQHandler
                0x0800034c                DMA1_Channel3_IRQHandler
                0x0800034c                WWDG_IRQHandler
                0x0800034c                EXTI1_IRQHandler
                0x0800034c                RTCAlarm_IRQHandler
                0x0800034c                USART2_IRQHandler
                0x0800034c                I2C2_ER_IRQHandler
                0x0800034c                DMA1_Channel2_IRQHandler
                0x0800034c                FLASH_IRQHandler
                0x0800034c                BusFault_Handler
                0x0800034c                I2C1_ER_IRQHandler
                0x0800034c                TIM1_BRK_TIM15_IRQHandler
 .text.Default_Reset_Handler
                0x08000350       0x48 ..\obj\startup_stm32f10x_md_vl.o
                0x08000350                Default_Reset_Handler
                0x08000350                Reset_Handler
 .text.GPIO_Init
                0x08000398      0x3cc ..\obj\stm32f10x_gpio.o
                0x08000398                GPIO_Init
 .text.GPIO_SetBits
                0x08000764        0x4 ..\obj\stm32f10x_gpio.o
                0x08000764                GPIO_SetBits
 .text.GPIO_ResetBits
                0x08000768        0x4 ..\obj\stm32f10x_gpio.o
                0x08000768                GPIO_ResetBits
 .text.USART1_IRQHandler
                0x0800076c       0x38 ..\obj\main.o
                0x0800076c                USART1_IRQHandler
 .text.TIM2_IRQHandler
                0x080007a4       0x2c ..\obj\main.o
                0x080007a4                TIM2_IRQHandler
 .text.startup.main
                0x080007d0      0x190 ..\obj\main.o
                0x080007d0                main
 .text.send_ublox
                0x08000960      0x178 ..\obj\ublox.o
                0x08000960                send_ublox
 .text.ublox_get_last_data
                0x08000ad8       0x28 ..\obj\ublox.o
                0x08000ad8                ublox_get_last_data
 .text.ublox_init
                0x08000b00      0x474 ..\obj\ublox.o
                0x08000b00                ublox_init
 .text.ublox_handle_packet
                0x08000f74       0xc4 ..\obj\ublox.o
                0x08000f74                ublox_handle_packet
 .text.ublox_handle_incoming_byte
                0x08001038       0x68 ..\obj\ublox.o
                0x08001038                ublox_handle_incoming_byte
 .text.init_usart_gps
                0x080010a0       0xa8 ..\obj\init.o
                0x080010a0                init_usart_gps
 .text.NVIC_Conf
                0x08001148        0xc ..\obj\init.o
                0x08001148                NVIC_Conf
 .text.RCC_Conf
                0x08001154       0x4c ..\obj\init.o
                0x08001154                RCC_Conf
 .text.init_port
                0x080011a0      0x354 ..\obj\init.o
                0x080011a0                init_port
 .text.spi_init
                0x080014f4       0x84 ..\obj\init.o
                0x080014f4                spi_init
 .text.spi_deinit
                0x08001578       0x30 ..\obj\init.o
                0x08001578                spi_deinit
 .text.init_timer
                0x080015a8       0x84 ..\obj\init.o
                0x080015a8                init_timer
 .text.aprs_init
                0x0800162c       0x34 ..\obj\aprs.o
                0x0800162c                aprs_init
 .text.aprs_timer_handler
                0x08001660        0xc ..\obj\aprs.o
                0x08001660                aprs_timer_handler
 .text.aprs_is_active
                0x0800166c        0xc ..\obj\aprs.o
                0x0800166c                aprs_is_active
 .text.aprs_send_status_ok
                0x08001678       0x50 ..\obj\aprs.o
                0x08001678                aprs_send_status_ok
 .text.aprs_send_status
                0x080016c8       0x50 ..\obj\aprs.o
                0x080016c8                aprs_send_status
 .text.aprs_send_position
                0x08001718      0x2e8 ..\obj\aprs.o
                0x08001718                aprs_send_position
 .text.RCC_DeInit
                0x08001a00       0x48 ..\obj\stm32f10x_rcc.o
                0x08001a00                RCC_DeInit
 .text.RCC_HSEConfig
                0x08001a48       0x38 ..\obj\stm32f10x_rcc.o
                0x08001a48                RCC_HSEConfig
 .text.RCC_WaitForHSEStartUp
                0x08001a80       0x34 ..\obj\stm32f10x_rcc.o
                0x08001a80                RCC_WaitForHSEStartUp
 .text.RCC_SYSCLKConfig
                0x08001ab4       0x14 ..\obj\stm32f10x_rcc.o
                0x08001ab4                RCC_SYSCLKConfig
 .text.RCC_GetSYSCLKSource
                0x08001ac8       0x10 ..\obj\stm32f10x_rcc.o
                0x08001ac8                RCC_GetSYSCLKSource
 .text.RCC_HCLKConfig
                0x08001ad8       0x14 ..\obj\stm32f10x_rcc.o
                0x08001ad8                RCC_HCLKConfig
 .text.RCC_PCLK1Config
                0x08001aec       0x14 ..\obj\stm32f10x_rcc.o
                0x08001aec                RCC_PCLK1Config
 .text.RCC_PCLK2Config
                0x08001b00       0x14 ..\obj\stm32f10x_rcc.o
                0x08001b00                RCC_PCLK2Config
 .text.RCC_ADCCLKConfig
                0x08001b14       0x14 ..\obj\stm32f10x_rcc.o
                0x08001b14                RCC_ADCCLKConfig
 .text.RCC_GetClocksFreq
                0x08001b28       0xa8 ..\obj\stm32f10x_rcc.o
                0x08001b28                RCC_GetClocksFreq
 .text.RCC_AHBPeriphClockCmd
                0x08001bd0       0x1c ..\obj\stm32f10x_rcc.o
                0x08001bd0                RCC_AHBPeriphClockCmd
 .text.RCC_APB2PeriphClockCmd
                0x08001bec       0x1c ..\obj\stm32f10x_rcc.o
                0x08001bec                RCC_APB2PeriphClockCmd
 .text.RCC_APB1PeriphClockCmd
                0x08001c08       0x1c ..\obj\stm32f10x_rcc.o
                0x08001c08                RCC_APB1PeriphClockCmd
 .text.RCC_APB2PeriphResetCmd
                0x08001c24       0x1c ..\obj\stm32f10x_rcc.o
                0x08001c24                RCC_APB2PeriphResetCmd
 .text.RCC_APB1PeriphResetCmd
                0x08001c40       0x1c ..\obj\stm32f10x_rcc.o
                0x08001c40                RCC_APB1PeriphResetCmd
 .text.radio_rw_register
                0x08001c5c       0x60 ..\obj\radio.o
                0x08001c5c                radio_rw_register
 .text.radio_set_tx_frequency
                0x08001cbc      0x194 ..\obj\radio.o
                0x08001cbc                radio_set_tx_frequency
 .text.radio_disable_tx
                0x08001e50       0x4c ..\obj\radio.o
                0x08001e50                radio_disable_tx
 .text.radio_soft_reset
                0x08001e9c       0x4c ..\obj\radio.o
                0x08001e9c                radio_soft_reset
 .text.radio_enable_tx
                0x08001ee8       0x4c ..\obj\radio.o
                0x08001ee8                radio_enable_tx
 .text.ADC_Init
                0x08001f34       0x48 ..\obj\stm32f10x_adc.o
                0x08001f34                ADC_Init
 .text.ADC_Cmd  0x08001f7c       0x14 ..\obj\stm32f10x_adc.o
                0x08001f7c                ADC_Cmd
 .text.ADC_DMACmd
                0x08001f90       0x14 ..\obj\stm32f10x_adc.o
                0x08001f90                ADC_DMACmd
 .text.ADC_ResetCalibration
                0x08001fa4        0xc ..\obj\stm32f10x_adc.o
                0x08001fa4                ADC_ResetCalibration
 .text.ADC_GetResetCalibrationStatus
                0x08001fb0        0x8 ..\obj\stm32f10x_adc.o
                0x08001fb0                ADC_GetResetCalibrationStatus
 .text.ADC_StartCalibration
                0x08001fb8        0xc ..\obj\stm32f10x_adc.o
                0x08001fb8                ADC_StartCalibration
 .text.ADC_GetCalibrationStatus
                0x08001fc4        0x8 ..\obj\stm32f10x_adc.o
                0x08001fc4                ADC_GetCalibrationStatus
 .text.ADC_SoftwareStartConvCmd
                0x08001fcc       0x14 ..\obj\stm32f10x_adc.o
                0x08001fcc                ADC_SoftwareStartConvCmd
 .text.ADC_RegularChannelConfig
                0x08001fe0       0x94 ..\obj\stm32f10x_adc.o
                0x08001fe0                ADC_RegularChannelConfig
 .text.USART_Init
                0x08002074       0xbc ..\obj\stm32f10x_usart.o
                0x08002074                USART_Init
 .text.USART_Cmd
                0x08002130       0x1c ..\obj\stm32f10x_usart.o
                0x08002130                USART_Cmd
 .text.USART_ITConfig
                0x0800214c       0x38 ..\obj\stm32f10x_usart.o
                0x0800214c                USART_ITConfig
 .text.USART_SendData
                0x08002184        0x8 ..\obj\stm32f10x_usart.o
                0x08002184                USART_SendData
 .text.USART_ReceiveData
                0x0800218c        0x8 ..\obj\stm32f10x_usart.o
                0x0800218c                USART_ReceiveData
 .text.USART_GetFlagStatus
                0x08002194        0xc ..\obj\stm32f10x_usart.o
                0x08002194                USART_GetFlagStatus
 .text.USART_GetITStatus
                0x080021a0       0x48 ..\obj\stm32f10x_usart.o
                0x080021a0                USART_GetITStatus
 .text.USART_ClearITPendingBit
                0x080021e8       0x10 ..\obj\stm32f10x_usart.o
                0x080021e8                USART_ClearITPendingBit
 .text._sbrk    0x080021f8       0x1c ..\obj\syscalls.o
                0x080021f8                _sbrk
 .text.abort    0x08002214        0x4 ..\obj\syscalls.o
                0x08002214                abort
 .text.FLASH_SetLatency
                0x08002218       0x14 ..\obj\stm32f10x_flash.o
                0x08002218                FLASH_SetLatency
 .text.FLASH_PrefetchBufferCmd
                0x0800222c       0x18 ..\obj\stm32f10x_flash.o
                0x0800222c                FLASH_PrefetchBufferCmd
 .text.DMA_DeInit
                0x08002244      0x128 ..\obj\stm32f10x_dma.o
                0x08002244                DMA_DeInit
 .text.DMA_Init
                0x0800236c       0x40 ..\obj\stm32f10x_dma.o
                0x0800236c                DMA_Init
 .text.DMA_Cmd  0x080023ac       0x18 ..\obj\stm32f10x_dma.o
                0x080023ac                DMA_Cmd
 .text.NVIC_Init
                0x080023c4       0x6c ..\obj\misc.o
                0x080023c4                NVIC_Init
 .text.NVIC_SetVectorTable
                0x08002430       0x14 ..\obj\misc.o
                0x08002430                NVIC_SetVectorTable
 .text.NVIC_SystemLPConfig
                0x08002444       0x18 ..\obj\misc.o
                0x08002444                NVIC_SystemLPConfig
 .text.SPI_I2S_DeInit
                0x0800245c       0x6c ..\obj\stm32f10x_spi.o
                0x0800245c                SPI_I2S_DeInit
 .text.SPI_Init
                0x080024c8       0x40 ..\obj\stm32f10x_spi.o
                0x080024c8                SPI_Init
 .text.SPI_Cmd  0x08002508       0x1c ..\obj\stm32f10x_spi.o
                0x08002508                SPI_Cmd
 .text.SPI_I2S_SendData
                0x08002524        0x4 ..\obj\stm32f10x_spi.o
                0x08002524                SPI_I2S_SendData
 .text.SPI_I2S_ReceiveData
                0x08002528        0x8 ..\obj\stm32f10x_spi.o
                0x08002528                SPI_I2S_ReceiveData
 .text.SPI_SSOutputCmd
                0x08002530       0x1c ..\obj\stm32f10x_spi.o
                0x08002530                SPI_SSOutputCmd
 .text.SPI_I2S_GetFlagStatus
                0x0800254c        0xc ..\obj\stm32f10x_spi.o
                0x0800254c                SPI_I2S_GetFlagStatus
 .text._ZN9QAPRSBase12ax25SendByteEh
                0x08002558       0xc8 ..\obj\QAPRSBase.o
                0x08002558                QAPRSBase::ax25SendByte(unsigned char)
 .text._ZN9QAPRSBase4sendEPcj
                0x08002620      0x114 ..\obj\QAPRSBase.o
                0x08002620                QAPRSBase::send(char*, unsigned int)
 .text._ZN9QAPRSBase8sendDataEPc
                0x08002734       0xcc ..\obj\QAPRSBase.o
                0x08002734                QAPRSBase::sendData(char*)
 .text._ZN9QAPRSBase11parseRelaysEPKcPc
                0x08002800       0x9c ..\obj\QAPRSBase.o
                0x08002800                QAPRSBase::parseRelays(char const*, char*)
 .text._ZN9QAPRSBase4initEaaPchS0_hS0_
                0x0800289c       0x9c ..\obj\QAPRSBase.o
                0x0800289c                QAPRSBase::init(signed char, signed char, char*, unsigned char, char*, unsigned char, char*)
 .text._ZN9QAPRSBase21timerInterruptHandlerEv
                0x08002938       0x58 ..\obj\QAPRSBase.o
                0x08002938                QAPRSBase::timerInterruptHandler()
 .text          0x08002990      0x370 c:/program files (x86)/gnu tools arm embedded/5.4 2016q3/bin/../lib/gcc/arm-none-eabi/5.4.1/armv7-m\libgcc.a(_arm_addsubdf3.o)
                0x08002990                __aeabi_drsub
                0x08002998                __aeabi_dsub
                0x08002998                __subdf3
                0x0800299c                __aeabi_dadd
                0x0800299c                __adddf3
                0x08002c14                __floatunsidf
                0x08002c14                __aeabi_ui2d
                0x08002c34                __floatsidf
                0x08002c34                __aeabi_i2d
                0x08002c58                __aeabi_f2d
                0x08002c58                __extendsfdf2
                0x08002c94                __floatundidf
                0x08002c94                __aeabi_ul2d
                0x08002ca4                __floatdidf
                0x08002ca4                __aeabi_l2d
 .text          0x08002d00      0x424 c:/program files (x86)/gnu tools arm embedded/5.4 2016q3/bin/../lib/gcc/arm-none-eabi/5.4.1/armv7-m\libgcc.a(_arm_muldivdf3.o)
                0x08002d00                __aeabi_dmul
                0x08002d00                __muldf3
                0x08002f54                __divdf3
                0x08002f54                __aeabi_ddiv
 .text          0x08003124       0x50 c:/program files (x86)/gnu tools arm embedded/5.4 2016q3/bin/../lib/gcc/arm-none-eabi/5.4.1/armv7-m\libgcc.a(_arm_fixdfsi.o)
                0x08003124                __aeabi_d2iz
                0x08003124                __fixdfsi
 .text          0x08003174      0x21c c:/program files (x86)/gnu tools arm embedded/5.4 2016q3/bin/../lib/gcc/arm-none-eabi/5.4.1/armv7-m\libgcc.a(_arm_addsubsf3.o)
                0x08003174                __aeabi_frsub
                0x0800317c                __subsf3
                0x0800317c                __aeabi_fsub
                0x08003180                __aeabi_fadd
                0x08003180                __addsf3
                0x080032e0                __aeabi_ui2f
                0x080032e0                __floatunsisf
                0x080032e8                __aeabi_i2f
                0x080032e8                __floatsisf
                0x08003304                __aeabi_ul2f
                0x08003304                __floatundisf
                0x08003314                __aeabi_l2f
                0x08003314                __floatdisf
 .text          0x08003390      0x2a0 c:/program files (x86)/gnu tools arm embedded/5.4 2016q3/bin/../lib/gcc/arm-none-eabi/5.4.1/armv7-m\libgcc.a(_arm_muldivsf3.o)
                0x08003390                __mulsf3
                0x08003390                __aeabi_fmul
                0x080034f8                __aeabi_fdiv
                0x080034f8                __divsf3
 .text          0x08003630       0xec c:/program files (x86)/gnu tools arm embedded/5.4 2016q3/bin/../lib/gcc/arm-none-eabi/5.4.1/armv7-m\libgcc.a(_arm_cmpsf2.o)
                0x08003630                __gesf2
                0x08003630                __gtsf2
                0x08003638                __lesf2
                0x08003638                __ltsf2
                0x08003640                __nesf2
                0x08003640                __eqsf2
                0x08003640                __cmpsf2
                0x080036a0                __aeabi_cfrcmple
                0x080036a8                __aeabi_cfcmpeq
                0x080036a8                __aeabi_cfcmple
                0x080036b8                __aeabi_fcmpeq
                0x080036cc                __aeabi_fcmplt
                0x080036e0                __aeabi_fcmple
                0x080036f4                __aeabi_fcmpge
                0x08003708                __aeabi_fcmpgt
 .text          0x0800371c       0x40 c:/program files (x86)/gnu tools arm embedded/5.4 2016q3/bin/../lib/gcc/arm-none-eabi/5.4.1/armv7-m\libgcc.a(_arm_fixunssfsi.o)
                0x0800371c                __fixunssfsi
                0x0800371c                __aeabi_f2uiz
 .text          0x0800375c      0x9e4 c:/program files (x86)/gnu tools arm embedded/5.4 2016q3/bin/../lib/gcc/arm-none-eabi/5.4.1/armv7-m\libgcc.a(unwind-arm.o)
                0x08003a1c                _Unwind_GetCFA
                0x08003a20                __gnu_Unwind_RaiseException
                0x08003a80                __gnu_Unwind_ForcedUnwind
                0x08003a94                __gnu_Unwind_Resume
                0x08003ad8                __gnu_Unwind_Resume_or_Rethrow
                0x08003aec                _Unwind_Complete
                0x08003af0                _Unwind_DeleteException
                0x08003afc                _Unwind_VRS_Get
                0x08003b48                _Unwind_VRS_Set
                0x08003b98                __gnu_Unwind_Backtrace
                0x08003ee4                __aeabi_unwind_cpp_pr0
                0x08003ee8                __aeabi_unwind_cpp_pr1
                0x08003eec                __aeabi_unwind_cpp_pr2
                0x08003ef0                _Unwind_VRS_Pop
 .text          0x08004140      0x1ac c:/program files (x86)/gnu tools arm embedded/5.4 2016q3/bin/../lib/gcc/arm-none-eabi/5.4.1/armv7-m\libgcc.a(libunwind.o)
                0x08004140                __restore_core_regs
                0x08004140                restore_core_regs
                0x08004158                __gnu_Unwind_Restore_VFP
                0x08004160                __gnu_Unwind_Save_VFP
                0x08004168                __gnu_Unwind_Restore_VFP_D
                0x08004170                __gnu_Unwind_Save_VFP_D
                0x08004178                __gnu_Unwind_Restore_VFP_D_16_to_31
                0x08004180                __gnu_Unwind_Save_VFP_D_16_to_31
                0x08004188                __gnu_Unwind_Restore_WMMXD
                0x080041cc                __gnu_Unwind_Save_WMMXD
                0x08004210                __gnu_Unwind_Restore_WMMXC
                0x08004224                __gnu_Unwind_Save_WMMXC
                0x08004238                ___Unwind_RaiseException
                0x08004238                _Unwind_RaiseException
                0x0800425c                _Unwind_Resume
                0x0800425c                ___Unwind_Resume
                0x08004280                _Unwind_Resume_or_Rethrow
                0x08004280                ___Unwind_Resume_or_Rethrow
                0x080042a4                _Unwind_ForcedUnwind
                0x080042a4                ___Unwind_ForcedUnwind
                0x080042c8                ___Unwind_Backtrace
                0x080042c8                _Unwind_Backtrace
 .text          0x080042ec      0x354 c:/program files (x86)/gnu tools arm embedded/5.4 2016q3/bin/../lib/gcc/arm-none-eabi/5.4.1/armv7-m\libgcc.a(pr-support.o)
                0x08004344                __gnu_unwind_execute
                0x080045e8                __gnu_unwind_frame
                0x08004610                _Unwind_GetRegionStart
                0x0800461c                _Unwind_GetLanguageSpecificData
                0x08004630                _Unwind_GetTextRelBase
                0x08004638                _Unwind_GetDataRelBase
 .text.memcpy   0x08004640       0x16 c:/program files (x86)/gnu tools arm embedded/5.4 2016q3/bin/../lib/gcc/arm-none-eabi/5.4.1/../../../../arm-none-eabi/lib/armv7-m\libg_nano.a(lib_a-memcpy-stub.o)
                0x08004640                memcpy
 .text.memset   0x08004656       0x10 c:/program files (x86)/gnu tools arm embedded/5.4 2016q3/bin/../lib/gcc/arm-none-eabi/5.4.1/../../../../arm-none-eabi/lib/armv7-m\libg_nano.a(lib_a-memset.o)
                0x08004656                memset
 *fill*         0x08004666        0x2 
 .text.sprintf  0x08004668       0x48 c:/program files (x86)/gnu tools arm embedded/5.4 2016q3/bin/../lib/gcc/arm-none-eabi/5.4.1/../../../../arm-none-eabi/lib/armv7-m\libg_nano.a(lib_a-sprintf.o)
                0x08004668                siprintf
                0x08004668                sprintf
 .text.strcpy   0x080046b0       0x10 c:/program files (x86)/gnu tools arm embedded/5.4 2016q3/bin/../lib/gcc/arm-none-eabi/5.4.1/../../../../arm-none-eabi/lib/armv7-m\libg_nano.a(lib_a-strcpy.o)
                0x080046b0                strcpy
 .text          0x080046c0       0x10 c:/program files (x86)/gnu tools arm embedded/5.4 2016q3/bin/../lib/gcc/arm-none-eabi/5.4.1/../../../../arm-none-eabi/lib/armv7-m\libg_nano.a(lib_a-strlen.o)
                0x080046c0                strlen
 .text.strncpy  0x080046d0       0x26 c:/program files (x86)/gnu tools arm embedded/5.4 2016q3/bin/../lib/gcc/arm-none-eabi/5.4.1/../../../../arm-none-eabi/lib/armv7-m\libg_nano.a(lib_a-strncpy.o)
                0x080046d0                strncpy
 .text.__ssputs_r
                0x080046f6       0xb2 c:/program files (x86)/gnu tools arm embedded/5.4 2016q3/bin/../lib/gcc/arm-none-eabi/5.4.1/../../../../arm-none-eabi/lib/armv7-m\libg_nano.a(lib_a-nano-svfprintf.o)
                0x080046f6                __ssputs_r
 .text._svfprintf_r
                0x080047a8      0x1e8 c:/program files (x86)/gnu tools arm embedded/5.4 2016q3/bin/../lib/gcc/arm-none-eabi/5.4.1/../../../../arm-none-eabi/lib/armv7-m\libg_nano.a(lib_a-nano-svfprintf.o)
                0x080047a8                _svfiprintf_r
                0x080047a8                _svfprintf_r
 .text._printf_common
                0x08004990       0xec c:/program files (x86)/gnu tools arm embedded/5.4 2016q3/bin/../lib/gcc/arm-none-eabi/5.4.1/../../../../arm-none-eabi/lib/armv7-m\libg_nano.a(lib_a-nano-vfprintf_i.o)
                0x08004990                _printf_common
 .text._printf_i
                0x08004a7c      0x24c c:/program files (x86)/gnu tools arm embedded/5.4 2016q3/bin/../lib/gcc/arm-none-eabi/5.4.1/../../../../arm-none-eabi/lib/armv7-m\libg_nano.a(lib_a-nano-vfprintf_i.o)
                0x08004a7c                _printf_i
 .text.memchr   0x08004cc8       0x1c c:/program files (x86)/gnu tools arm embedded/5.4 2016q3/bin/../lib/gcc/arm-none-eabi/5.4.1/../../../../arm-none-eabi/lib/armv7-m\libg_nano.a(lib_a-memchr-stub.o)
                0x08004cc8                memchr
 .text.memmove  0x08004ce4       0x36 c:/program files (x86)/gnu tools arm embedded/5.4 2016q3/bin/../lib/gcc/arm-none-eabi/5.4.1/../../../../arm-none-eabi/lib/armv7-m\libg_nano.a(lib_a-memmove.o)
                0x08004ce4                memmove
 *fill*         0x08004d1a        0x2 
 .text._free_r  0x08004d1c       0x98 c:/program files (x86)/gnu tools arm embedded/5.4 2016q3/bin/../lib/gcc/arm-none-eabi/5.4.1/../../../../arm-none-eabi/lib/armv7-m\libg_nano.a(lib_a-nano-freer.o)
                0x08004d1c                _free_r
 .text._malloc_r
                0x08004db4       0xbc c:/program files (x86)/gnu tools arm embedded/5.4 2016q3/bin/../lib/gcc/arm-none-eabi/5.4.1/../../../../arm-none-eabi/lib/armv7-m\libg_nano.a(lib_a-nano-mallocr.o)
                0x08004db4                _malloc_r
 .text._realloc_r
                0x08004e70       0x4c c:/program files (x86)/gnu tools arm embedded/5.4 2016q3/bin/../lib/gcc/arm-none-eabi/5.4.1/../../../../arm-none-eabi/lib/armv7-m\libg_nano.a(lib_a-nano-reallocr.o)
                0x08004e70                _realloc_r
 .text._sbrk_r  0x08004ebc       0x20 c:/program files (x86)/gnu tools arm embedded/5.4 2016q3/bin/../lib/gcc/arm-none-eabi/5.4.1/../../../../arm-none-eabi/lib/armv7-m\libg_nano.a(lib_a-sbrkr.o)
                0x08004ebc                _sbrk_r
 .text.__malloc_lock
                0x08004edc        0x2 c:/program files (x86)/gnu tools arm embedded/5.4 2016q3/bin/../lib/gcc/arm-none-eabi/5.4.1/../../../../arm-none-eabi/lib/armv7-m\libg_nano.a(lib_a-mlock.o)
                0x08004edc                __malloc_lock
 .text.__malloc_unlock
                0x08004ede        0x2 c:/program files (x86)/gnu tools arm embedded/5.4 2016q3/bin/../lib/gcc/arm-none-eabi/5.4.1/../../../../arm-none-eabi/lib/armv7-m\libg_nano.a(lib_a-mlock.o)
                0x08004ede                __malloc_unlock
 .text._malloc_usable_size_r
                0x08004ee0       0x14 c:/program files (x86)/gnu tools arm embedded/5.4 2016q3/bin/../lib/gcc/arm-none-eabi/5.4.1/../../../../arm-none-eabi/lib/armv7-m\libg_nano.a(lib_a-nano-msizer.o)
                0x08004ee0                _malloc_usable_size_r
 *(.init)
 *(.fini)
 *crtbegin.o(.ctors)
 *crtbegin?.o(.ctors)
 *(EXCLUDE_FILE(*crtend.o *crtend?.o) .ctors)
 *(SORT(.ctors.*))
 *(.ctors)
 *crtbegin.o(.dtors)
 *crtbegin?.o(.dtors)
 *(EXCLUDE_FILE(*crtend.o *crtend?.o) .dtors)
 *(SORT(.dtors.*))
 *(.dtors)
 *(.rodata*)
 .rodata.str1.4
                0x08004ef4       0x94 ..\obj\aprs.o
                                 0x96 (size before relaxing)
 .rodata.str1.1
                0x08004f88       0x11 c:/program files (x86)/gnu tools arm embedded/5.4 2016q3/bin/../lib/gcc/arm-none-eabi/5.4.1/../../../../arm-none-eabi/lib/armv7-m\libg_nano.a(lib_a-nano-svfprintf.o)
 .rodata.str1.1
                0x08004f99       0x22 c:/program files (x86)/gnu tools arm embedded/5.4 2016q3/bin/../lib/gcc/arm-none-eabi/5.4.1/../../../../arm-none-eabi/lib/armv7-m\libg_nano.a(lib_a-nano-vfprintf_i.o)
 *(.eh_fram e*)

.glue_7         0x08004fbc        0x0
 .glue_7        0x08004fbc        0x0 linker stubs

.glue_7t        0x08004fbc        0x0
 .glue_7t       0x08004fbc        0x0 linker stubs

.vfp11_veneer   0x08004fbc        0x0
 .vfp11_veneer  0x08004fbc        0x0 linker stubs

.v4_bx          0x08004fbc        0x0
 .v4_bx         0x08004fbc        0x0 linker stubs

.iplt           0x08004fbc        0x0
 .iplt          0x08004fbc        0x0 ..\obj\delay.o

.ARM.extab      0x08004fbc       0x18
 *(.ARM.extab* .gnu.linkonce.armextab.*)
 .ARM.extab     0x08004fbc       0x18 c:/program files (x86)/gnu tools arm embedded/5.4 2016q3/bin/../lib/gcc/arm-none-eabi/5.4.1/armv7-m\libgcc.a(pr-support.o)
                0x08004fd4                __exidx_start = .

.ARM.exidx      0x08004fd4      0x108
 *(.ARM.exidx* .gnu.linkonce.armexidx.*)
 .ARM.exidx.text.aprs_init
                0x08004fd4        0x8 ..\obj\aprs.o
 .ARM.exidx.text.aprs_timer_handler
                0x08004fdc        0x8 ..\obj\aprs.o
 .ARM.exidx.text.aprs_is_active
                0x08004fe4        0x0 ..\obj\aprs.o
                                  0x8 (size before relaxing)
 .ARM.exidx.text.aprs_send_status_ok
                0x08004fe4        0x8 ..\obj\aprs.o
 .ARM.exidx.text.aprs_send_status
                0x08004fec        0x0 ..\obj\aprs.o
                                  0x8 (size before relaxing)
 .ARM.exidx.text.aprs_send_position
                0x08004fec       0x10 ..\obj\aprs.o
                                  0x8 (size before relaxing)
 .ARM.exidx.text._ZN9QAPRSBase12ax25SendByteEh
                0x08004ffc        0x8 ..\obj\QAPRSBase.o
 .ARM.exidx.text._ZN9QAPRSBase4sendEPcj
                0x08005004        0x8 ..\obj\QAPRSBase.o
 .ARM.exidx.text._ZN9QAPRSBase8sendDataEPc
                0x0800500c        0x8 ..\obj\QAPRSBase.o
 .ARM.exidx.text._ZN9QAPRSBase11parseRelaysEPKcPc
                0x08005014        0x0 ..\obj\QAPRSBase.o
                                  0x8 (size before relaxing)
 .ARM.exidx.text._ZN9QAPRSBase4initEaaPchS0_hS0_
                0x08005014        0x8 ..\obj\QAPRSBase.o
 .ARM.exidx.text._ZN9QAPRSBase21timerInterruptHandlerEv
                0x0800501c       0x10 ..\obj\QAPRSBase.o
                                  0x8 (size before relaxing)
 .ARM.exidx     0x0800502c       0x78 c:/program files (x86)/gnu tools arm embedded/5.4 2016q3/bin/../lib/gcc/arm-none-eabi/5.4.1/armv7-m\libgcc.a(unwind-arm.o)
                                 0xd8 (size before relaxing)
 .ARM.exidx     0x080050a4       0x38 c:/program files (x86)/gnu tools arm embedded/5.4 2016q3/bin/../lib/gcc/arm-none-eabi/5.4.1/armv7-m\libgcc.a(pr-support.o)
                                 0x48 (size before relaxing)
                0x080050dc                __exidx_end = .
                0x080050dc                __etext = .
                0x080050dc                _sidata = __etext

.rel.dyn        0x080050dc        0x0
 .rel.iplt      0x080050dc        0x0 ..\obj\delay.o

.data           0x20000000       0x88 load address 0x080050dc
                0x20000000                __data_start__ = .
                0x20000000                _sdata = __data_start__
 *(vtable)
 *(.data*)
 .data          0x20000000        0xe ..\obj\main.o
                0x20000000                flexible_delay
                0x20000004                cun
                0x20000008                CRC_rtty
                0x2000000c                status
 *fill*         0x2000000e        0x2 
 .data          0x20000010       0x14 ..\obj\stm32f10x_rcc.o
 .data.impure_data
                0x20000024       0x60 c:/program files (x86)/gnu tools arm embedded/5.4 2016q3/bin/../lib/gcc/arm-none-eabi/5.4.1/../../../../arm-none-eabi/lib/armv7-m\libg_nano.a(lib_a-impure.o)
 .data._impure_ptr
                0x20000084        0x4 c:/program files (x86)/gnu tools arm embedded/5.4 2016q3/bin/../lib/gcc/arm-none-eabi/5.4.1/../../../../arm-none-eabi/lib/armv7-m\libg_nano.a(lib_a-impure.o)
                0x20000084                _impure_ptr
                0x20000088                . = ALIGN (0x4)
                [!provide]                PROVIDE (__preinit_array_start, .)
 *(.preinit_array)
                [!provide]                PROVIDE (__preinit_array_end, .)
                0x20000088                . = ALIGN (0x4)
                [!provide]                PROVIDE (__init_array_start, .)
 *(SORT(.init_array.*))
 *(.init_array)
                [!provide]                PROVIDE (__init_array_end, .)
                0x20000088                . = ALIGN (0x4)
                [!provide]                PROVIDE (__fini_array_start, .)
 *(SORT(.fini_array.*))
 *(.fini_array)
                [!provide]                PROVIDE (__fini_array_end, .)
 *(.jcr*)
                0x20000088                . = ALIGN (0x4)
                0x20000088                __data_end__ = .
                0x20000088                _edata = __data_end__

.igot.plt       0x20000088        0x0 load address 0x08005164
 .igot.plt      0x20000088        0x0 ..\obj\delay.o

.bss            0x20000088      0x2a8 load address 0x08005164
                0x20000088                . = ALIGN (0x4)
                0x20000088                __bss_start__ = .
                0x20000088                _sbss = __bss_start__
 *(.bss*)
 .bss           0x20000088       0x14 ..\obj\main.o
                0x20000088                tx_on
                0x20000089                tx_enable
                0x2000008c                stat_sended
                0x20000090                disable_armed
                0x20000092                button_pressed
                0x20000094                pun
                0x20000095                flaga
 .bss           0x2000009c       0x69 ..\obj\ublox.o
                0x2000009c                ack_received
                0x2000009d                nack_received
                0x20000104                active
 *fill*         0x20000105        0x3 
 .bss           0x20000108      0x17c ..\obj\aprs.o
                0x20000108                qaprs
                0x20000280                proportional_counter
 .bss           0x20000284        0x4 ..\obj\syscalls.o
 .bss           0x20000288       0x10 ..\obj\QAPRSBase.o
                0x20000290                QAPRSGlobalObject
                0x20000294                ADCVal
 .bss.__malloc_sbrk_start
                0x20000298        0x4 c:/program files (x86)/gnu tools arm embedded/5.4 2016q3/bin/../lib/gcc/arm-none-eabi/5.4.1/../../../../arm-none-eabi/lib/armv7-m\libg_nano.a(lib_a-nano-mallocr.o)
                0x20000298                __malloc_sbrk_start
 .bss.__malloc_free_list
                0x2000029c        0x4 c:/program files (x86)/gnu tools arm embedded/5.4 2016q3/bin/../lib/gcc/arm-none-eabi/5.4.1/../../../../arm-none-eabi/lib/armv7-m\libg_nano.a(lib_a-nano-mallocr.o)
                0x2000029c                __malloc_free_list
 *(COMMON)
 COMMON         0x200002a0        0x1 ..\obj\delay.o
                0x200002a0                done
 *fill*         0x200002a1        0x3 
 COMMON         0x200002a4       0x20 ..\obj\ublox.o
                0x200002a4                currentGPSData
 COMMON         0x200002c4       0x68 ..\obj\init.o
                0x200002c4                ADC_InitStructure
                0x200002d8                GPIO_Conf
                0x200002dc                SPI_InitStructure
                0x200002f0                USART_InitStructure
                0x20000300                DMA_InitStructure
 COMMON         0x2000032c        0x4 c:/program files (x86)/gnu tools arm embedded/5.4 2016q3/bin/../lib/gcc/arm-none-eabi/5.4.1/../../../../arm-none-eabi/lib/armv7-m\libg_nano.a(lib_a-reent.o)
                0x2000032c                errno
                0x20000330                . = ALIGN (0x4)
                0x20000330                __bss_end__ = .
                0x20000330                _ebss = __bss_end__

.heap           0x20000330        0x0
                0x20000330                __end__ = .
                0x20000330                _end = __end__
                0x20000330                end = __end__
 *(.heap*)
                0x20000330                __HeapLimit = .

.co_stack       0x20000330      0x400 load address 0x0800540c
                0x20000330                . = ALIGN (0x8)
 *(.co_stack .co_stack.*)
 .co_stack      0x20000330      0x400 ..\obj\startup_stm32f10x_md_vl.o
                0x20000330                pulStack
                0x20002000                __StackTop = (ORIGIN (ram) + LENGTH (ram))
                0x20001c00                __StackLimit = (__StackTop - SIZEOF (.co_stack))
                [!provide]                PROVIDE (__stack, __StackTop)
                0x00000001                ASSERT ((__StackLimit >= __HeapLimit), region ram  overflowed with stack)
LOAD ..\obj\delay.o
LOAD ..\obj\stm32f10x_tim.o
LOAD ..\obj\fun.o
LOAD ..\obj\startup_stm32f10x_md_vl.o
LOAD ..\obj\system_stm32f10x.o
LOAD ..\obj\stm32f10x_pwr.o
LOAD ..\obj\stm32f10x_gpio.o
LOAD ..\obj\main.o
LOAD ..\obj\ublox.o
LOAD ..\obj\init.o
LOAD ..\obj\aprs.o
LOAD ..\obj\stm32f10x_rcc.o
LOAD ..\obj\radio.o
LOAD ..\obj\stm32f10x_adc.o
LOAD ..\obj\stm32f10x_usart.o
LOAD ..\obj\syscalls.o
LOAD ..\obj\stm32f10x_flash.o
LOAD ..\obj\stm32f10x_dma.o
LOAD ..\obj\misc.o
LOAD ..\obj\stm32f10x_spi.o
LOAD ..\obj\QAPRSBase.o
LOAD c:/program files (x86)/gnu tools arm embedded/5.4 2016q3/bin/../lib/gcc/arm-none-eabi/5.4.1/../../../../arm-none-eabi/lib/armv7-m\libstdc++_nano.a
START GROUP
LOAD c:/program files (x86)/gnu tools arm embedded/5.4 2016q3/bin/../lib/gcc/arm-none-eabi/5.4.1/armv7-m\libgcc.a
LOAD c:/program files (x86)/gnu tools arm embedded/5.4 2016q3/bin/../lib/gcc/arm-none-eabi/5.4.1/../../../../arm-none-eabi/lib/armv7-m\libg_nano.a
LOAD c:/program files (x86)/gnu tools arm embedded/5.4 2016q3/bin/../lib/gcc/arm-none-eabi/5.4.1/../../../../arm-none-eabi/lib/armv7-m\libc_nano.a
END GROUP
START GROUP
LOAD c:/program files (x86)/gnu tools arm embedded/5.4 2016q3/bin/../lib/gcc/arm-none-eabi/5.4.1/armv7-m\libgcc.a
LOAD c:/program files (x86)/gnu tools arm embedded/5.4 2016q3/bin/../lib/gcc/arm-none-eabi/5.4.1/../../../../arm-none-eabi/lib/armv7-m\libc_nano.a
END GROUP
OUTPUT(rtty.elf elf32-littlearm)

.debug_info     0x00000000    0x10513
 .debug_info    0x00000000      0x85c ..\obj\delay.o
 .debug_info    0x0000085c     0x2531 ..\obj\stm32f10x_tim.o
 .debug_info    0x00002d8d      0x10e ..\obj\startup_stm32f10x_md_vl.o
 .debug_info    0x00002e9b      0x88f ..\obj\stm32f10x_gpio.o
 .debug_info    0x0000372a      0xba2 ..\obj\main.o
 .debug_info    0x000042cc     0x1aed ..\obj\ublox.o
 .debug_info    0x00005db9     0x1aa4 ..\obj\init.o
 .debug_info    0x0000785d      0xdf1 ..\obj\aprs.o
 .debug_info    0x0000864e      0x9b3 ..\obj\stm32f10x_rcc.o
 .debug_info    0x00009001      0xbce ..\obj\radio.o
 .debug_info    0x00009bcf      0xc27 ..\obj\stm32f10x_adc.o
 .debug_info    0x0000a7f6      0xb26 ..\obj\stm32f10x_usart.o
 .debug_info    0x0000b31c      0x432 ..\obj\syscalls.o
 .debug_info    0x0000b74e     0x1540 ..\obj\stm32f10x_flash.o
 .debug_info    0x0000cc8e      0x426 ..\obj\stm32f10x_dma.o
 .debug_info    0x0000d0b4      0x55c ..\obj\misc.o
 .debug_info    0x0000d610      0x9c9 ..\obj\stm32f10x_spi.o
 .debug_info    0x0000dfd9     0x253a ..\obj\QAPRSBase.o

.debug_abbrev   0x00000000     0x286a
 .debug_abbrev  0x00000000      0x1f7 ..\obj\delay.o
 .debug_abbrev  0x000001f7      0x2b3 ..\obj\stm32f10x_tim.o
 .debug_abbrev  0x000004aa       0xdf ..\obj\startup_stm32f10x_md_vl.o
 .debug_abbrev  0x00000589      0x200 ..\obj\stm32f10x_gpio.o
 .debug_abbrev  0x00000789      0x237 ..\obj\main.o
 .debug_abbrev  0x000009c0      0x30c ..\obj\ublox.o
 .debug_abbrev  0x00000ccc      0x2e3 ..\obj\init.o
 .debug_abbrev  0x00000faf      0x2f9 ..\obj\aprs.o
 .debug_abbrev  0x000012a8      0x26e ..\obj\stm32f10x_rcc.o
 .debug_abbrev  0x00001516      0x221 ..\obj\radio.o
 .debug_abbrev  0x00001737      0x1e6 ..\obj\stm32f10x_adc.o
 .debug_abbrev  0x0000191d      0x1e4 ..\obj\stm32f10x_usart.o
 .debug_abbrev  0x00001b01      0x147 ..\obj\syscalls.o
 .debug_abbrev  0x00001c48      0x21e ..\obj\stm32f10x_flash.o
 .debug_abbrev  0x00001e66      0x1c6 ..\obj\stm32f10x_dma.o
 .debug_abbrev  0x0000202c      0x156 ..\obj\misc.o
 .debug_abbrev  0x00002182      0x1e6 ..\obj\stm32f10x_spi.o
 .debug_abbrev  0x00002368      0x502 ..\obj\QAPRSBase.o

.debug_loc      0x00000000     0xaae2
 .debug_loc     0x00000000       0xc0 ..\obj\delay.o
 .debug_loc     0x000000c0     0x23d1 ..\obj\stm32f10x_tim.o
 .debug_loc     0x00002491     0x1532 ..\obj\stm32f10x_gpio.o
 .debug_loc     0x000039c3       0x37 ..\obj\main.o
 .debug_loc     0x000039fa      0x7d0 ..\obj\ublox.o
 .debug_loc     0x000041ca      0x11f ..\obj\init.o
 .debug_loc     0x000042e9      0x77e ..\obj\aprs.o
 .debug_loc     0x00004a67      0x81c ..\obj\stm32f10x_rcc.o
 .debug_loc     0x00005283      0x256 ..\obj\radio.o
 .debug_loc     0x000054d9      0x9cd ..\obj\stm32f10x_adc.o
 .debug_loc     0x00005ea6      0x84f ..\obj\stm32f10x_usart.o
 .debug_loc     0x000066f5       0xe7 ..\obj\syscalls.o
 .debug_loc     0x000067dc     0x24e7 ..\obj\stm32f10x_flash.o
 .debug_loc     0x00008cc3       0xfe ..\obj\stm32f10x_dma.o
 .debug_loc     0x00008dc1      0x193 ..\obj\misc.o
 .debug_loc     0x00008f54      0x555 ..\obj\stm32f10x_spi.o
 .debug_loc     0x000094a9     0x1639 ..\obj\QAPRSBase.o

.debug_aranges  0x00000000      0xc40
 .debug_aranges
                0x00000000       0x38 ..\obj\delay.o
 .debug_aranges
                0x00000038      0x2c0 ..\obj\stm32f10x_tim.o
 .debug_aranges
                0x000002f8       0x28 ..\obj\startup_stm32f10x_md_vl.o
 .debug_aranges
                0x00000320       0xa8 ..\obj\stm32f10x_gpio.o
 .debug_aranges
                0x000003c8       0x30 ..\obj\main.o
 .debug_aranges
                0x000003f8       0x60 ..\obj\ublox.o
 .debug_aranges
                0x00000458       0x58 ..\obj\init.o
 .debug_aranges
                0x000004b0       0x58 ..\obj\aprs.o
 .debug_aranges
                0x00000508      0x120 ..\obj\stm32f10x_rcc.o
 .debug_aranges
                0x00000628       0x48 ..\obj\radio.o
 .debug_aranges
                0x00000670      0x138 ..\obj\stm32f10x_adc.o
 .debug_aranges
                0x000007a8      0x100 ..\obj\stm32f10x_usart.o
 .debug_aranges
                0x000008a8       0x58 ..\obj\syscalls.o
 .debug_aranges
                0x00000900       0xd8 ..\obj\stm32f10x_flash.o
 .debug_aranges
                0x000009d8       0x60 ..\obj\stm32f10x_dma.o
 .debug_aranges
                0x00000a38       0x40 ..\obj\misc.o
 .debug_aranges
                0x00000a78       0xd0 ..\obj\stm32f10x_spi.o
 .debug_aranges
                0x00000b48       0xf8 ..\obj\QAPRSBase.o

.debug_ranges   0x00000000     0x1e48
 .debug_ranges  0x00000000       0x28 ..\obj\delay.o
 .debug_ranges  0x00000028      0x4b0 ..\obj\stm32f10x_tim.o
 .debug_ranges  0x000004d8       0x18 ..\obj\startup_stm32f10x_md_vl.o
 .debug_ranges  0x000004f0       0x98 ..\obj\stm32f10x_gpio.o
 .debug_ranges  0x00000588       0x38 ..\obj\main.o
 .debug_ranges  0x000005c0      0x120 ..\obj\ublox.o
 .debug_ranges  0x000006e0       0x78 ..\obj\init.o
 .debug_ranges  0x00000758       0xa0 ..\obj\aprs.o
 .debug_ranges  0x000007f8      0x130 ..\obj\stm32f10x_rcc.o
 .debug_ranges  0x00000928      0x148 ..\obj\radio.o
 .debug_ranges  0x00000a70      0x128 ..\obj\stm32f10x_adc.o
 .debug_ranges  0x00000b98       0xf0 ..\obj\stm32f10x_usart.o
 .debug_ranges  0x00000c88       0x48 ..\obj\syscalls.o
 .debug_ranges  0x00000cd0      0xba8 ..\obj\stm32f10x_flash.o
 .debug_ranges  0x00001878       0x50 ..\obj\stm32f10x_dma.o
 .debug_ranges  0x000018c8       0x30 ..\obj\misc.o
 .debug_ranges  0x000018f8       0xc0 ..\obj\stm32f10x_spi.o
 .debug_ranges  0x000019b8      0x490 ..\obj\QAPRSBase.o

.debug_line     0x00000000     0x57b0
 .debug_line    0x00000000      0x2b7 ..\obj\delay.o
 .debug_line    0x000002b7      0xd54 ..\obj\stm32f10x_tim.o
 .debug_line    0x0000100b       0xac ..\obj\startup_stm32f10x_md_vl.o
 .debug_line    0x000010b7      0x51a ..\obj\stm32f10x_gpio.o
 .debug_line    0x000015d1      0x327 ..\obj\main.o
 .debug_line    0x000018f8      0x586 ..\obj\ublox.o
 .debug_line    0x00001e7e      0x50c ..\obj\init.o
 .debug_line    0x0000238a      0x357 ..\obj\aprs.o
 .debug_line    0x000026e1      0x544 ..\obj\stm32f10x_rcc.o
 .debug_line    0x00002c25      0x348 ..\obj\radio.o
 .debug_line    0x00002f6d      0x5a1 ..\obj\stm32f10x_adc.o
 .debug_line    0x0000350e      0x516 ..\obj\stm32f10x_usart.o
 .debug_line    0x00003a24      0x1df ..\obj\syscalls.o
 .debug_line    0x00003c03      0x8b6 ..\obj\stm32f10x_flash.o
 .debug_line    0x000044b9      0x33f ..\obj\stm32f10x_dma.o
 .debug_line    0x000047f8      0x2a5 ..\obj\misc.o
 .debug_line    0x00004a9d      0x486 ..\obj\stm32f10x_spi.o
 .debug_line    0x00004f23      0x88d ..\obj\QAPRSBase.o

.debug_str      0x00000000     0x4315
 .debug_str     0x00000000      0x6e6 ..\obj\delay.o
                                0x753 (size before relaxing)
 .debug_str     0x000006e6      0xa26 ..\obj\stm32f10x_tim.o
                                0xe0b (size before relaxing)
 .debug_str     0x0000110c       0xd2 ..\obj\startup_stm32f10x_md_vl.o
                                0x169 (size before relaxing)
 .debug_str     0x000011de      0x384 ..\obj\stm32f10x_gpio.o
                                0x54b (size before relaxing)
 .debug_str     0x00001562      0x359 ..\obj\main.o
                                0x677 (size before relaxing)
 .debug_str     0x000018bb      0x4f8 ..\obj\ublox.o
                                0x7fc (size before relaxing)
 .debug_str     0x00001db3      0x664 ..\obj\init.o
                                0xeb8 (size before relaxing)
 .debug_str     0x00002417      0x85e ..\obj\aprs.o
                                0xaad (size before relaxing)
 .debug_str     0x00002c75      0x389 ..\obj\stm32f10x_rcc.o
                                0x688 (size before relaxing)
 .debug_str     0x00002ffe       0xc1 ..\obj\radio.o
                                0x371 (size before relaxing)
 .debug_str     0x000030bf      0x3d0 ..\obj\stm32f10x_adc.o
                                0x72d (size before relaxing)
 .debug_str     0x0000348f      0x332 ..\obj\stm32f10x_usart.o
                                0x6eb (size before relaxing)
 .debug_str     0x000037c1      0x18b ..\obj\syscalls.o
                                0x34d (size before relaxing)
 .debug_str     0x0000394c      0x3c6 ..\obj\stm32f10x_flash.o
                                0x5bc (size before relaxing)
 .debug_str     0x00003d12      0x10c ..\obj\stm32f10x_dma.o
                                0x39d (size before relaxing)
 .debug_str     0x00003e1e      0x156 ..\obj\misc.o
                                0x3d9 (size before relaxing)
 .debug_str     0x00003f74      0x260 ..\obj\stm32f10x_spi.o
                                0x658 (size before relaxing)
 .debug_str     0x000041d4      0x141 ..\obj\QAPRSBase.o
                                0xbae (size before relaxing)

.comment        0x00000000       0x6e
 .comment       0x00000000       0x6e ..\obj\delay.o
                                 0x6f (size before relaxing)
 .comment       0x0000006e       0x6f ..\obj\stm32f10x_tim.o
 .comment       0x0000006e       0x6f ..\obj\startup_stm32f10x_md_vl.o
 .comment       0x0000006e       0x6f ..\obj\stm32f10x_gpio.o
 .comment       0x0000006e       0x6f ..\obj\main.o
 .comment       0x0000006e       0x6f ..\obj\ublox.o
 .comment       0x0000006e       0x6f ..\obj\init.o
 .comment       0x0000006e       0x6f ..\obj\aprs.o
 .comment       0x0000006e       0x6f ..\obj\stm32f10x_rcc.o
 .comment       0x0000006e       0x6f ..\obj\radio.o
 .comment       0x0000006e       0x6f ..\obj\stm32f10x_adc.o
 .comment       0x0000006e       0x6f ..\obj\stm32f10x_usart.o
 .comment       0x0000006e       0x6f ..\obj\syscalls.o
 .comment       0x0000006e       0x6f ..\obj\stm32f10x_flash.o
 .comment       0x0000006e       0x6f ..\obj\stm32f10x_dma.o
 .comment       0x0000006e       0x6f ..\obj\misc.o
 .comment       0x0000006e       0x6f ..\obj\stm32f10x_spi.o
 .comment       0x0000006e       0x6f ..\obj\QAPRSBase.o

.ARM.attributes
                0x00000000       0x31
 .ARM.attributes
                0x00000000       0x33 ..\obj\delay.o
 .ARM.attributes
                0x00000033       0x33 ..\obj\stm32f10x_tim.o
 .ARM.attributes
                0x00000066       0x33 ..\obj\startup_stm32f10x_md_vl.o
 .ARM.attributes
                0x00000099       0x33 ..\obj\stm32f10x_gpio.o
 .ARM.attributes
                0x000000cc       0x33 ..\obj\main.o
 .ARM.attributes
                0x000000ff       0x33 ..\obj\ublox.o
 .ARM.attributes
                0x00000132       0x33 ..\obj\init.o
 .ARM.attributes
                0x00000165       0x33 ..\obj\aprs.o
 .ARM.attributes
                0x00000198       0x33 ..\obj\stm32f10x_rcc.o
 .ARM.attributes
                0x000001cb       0x33 ..\obj\radio.o
 .ARM.attributes
                0x000001fe       0x33 ..\obj\stm32f10x_adc.o
 .ARM.attributes
                0x00000231       0x33 ..\obj\stm32f10x_usart.o
 .ARM.attributes
                0x00000264       0x33 ..\obj\syscalls.o
 .ARM.attributes
                0x00000297       0x33 ..\obj\stm32f10x_flash.o
 .ARM.attributes
                0x000002ca       0x33 ..\obj\stm32f10x_dma.o
 .ARM.attributes
                0x000002fd       0x33 ..\obj\misc.o
 .ARM.attributes
                0x00000330       0x33 ..\obj\stm32f10x_spi.o
 .ARM.attributes
                0x00000363       0x33 ..\obj\QAPRSBase.o
 .ARM.attributes
                0x00000396       0x1d c:/program files (x86)/gnu tools arm embedded/5.4 2016q3/bin/../lib/gcc/arm-none-eabi/5.4.1/armv7-m\libgcc.a(_arm_addsubdf3.o)
 .ARM.attributes
                0x000003b3       0x1d c:/program files (x86)/gnu tools arm embedded/5.4 2016q3/bin/../lib/gcc/arm-none-eabi/5.4.1/armv7-m\libgcc.a(_arm_muldivdf3.o)
 .ARM.attributes
                0x000003d0       0x1d c:/program files (x86)/gnu tools arm embedded/5.4 2016q3/bin/../lib/gcc/arm-none-eabi/5.4.1/armv7-m\libgcc.a(_arm_fixdfsi.o)
 .ARM.attributes
                0x000003ed       0x1d c:/program files (x86)/gnu tools arm embedded/5.4 2016q3/bin/../lib/gcc/arm-none-eabi/5.4.1/armv7-m\libgcc.a(_arm_addsubsf3.o)
 .ARM.attributes
                0x0000040a       0x1d c:/program files (x86)/gnu tools arm embedded/5.4 2016q3/bin/../lib/gcc/arm-none-eabi/5.4.1/armv7-m\libgcc.a(_arm_muldivsf3.o)
 .ARM.attributes
                0x00000427       0x1d c:/program files (x86)/gnu tools arm embedded/5.4 2016q3/bin/../lib/gcc/arm-none-eabi/5.4.1/armv7-m\libgcc.a(_arm_cmpsf2.o)
 .ARM.attributes
                0x00000444       0x1d c:/program files (x86)/gnu tools arm embedded/5.4 2016q3/bin/../lib/gcc/arm-none-eabi/5.4.1/armv7-m\libgcc.a(_arm_fixunssfsi.o)
 .ARM.attributes
                0x00000461       0x2d c:/program files (x86)/gnu tools arm embedded/5.4 2016q3/bin/../lib/gcc/arm-none-eabi/5.4.1/../../../../arm-none-eabi/lib/armv7-m\libg_nano.a(lib_a-memcpy-stub.o)
 .ARM.attributes
                0x0000048e       0x2d c:/program files (x86)/gnu tools arm embedded/5.4 2016q3/bin/../lib/gcc/arm-none-eabi/5.4.1/../../../../arm-none-eabi/lib/armv7-m\libg_nano.a(lib_a-memset.o)
 .ARM.attributes
                0x000004bb       0x2d c:/program files (x86)/gnu tools arm embedded/5.4 2016q3/bin/../lib/gcc/arm-none-eabi/5.4.1/../../../../arm-none-eabi/lib/armv7-m\libg_nano.a(lib_a-sprintf.o)
 .ARM.attributes
                0x000004e8       0x2d c:/program files (x86)/gnu tools arm embedded/5.4 2016q3/bin/../lib/gcc/arm-none-eabi/5.4.1/../../../../arm-none-eabi/lib/armv7-m\libg_nano.a(lib_a-strcpy.o)
 .ARM.attributes
                0x00000515       0x17 c:/program files (x86)/gnu tools arm embedded/5.4 2016q3/bin/../lib/gcc/arm-none-eabi/5.4.1/../../../../arm-none-eabi/lib/armv7-m\libg_nano.a(lib_a-strlen.o)
 .ARM.attributes
                0x0000052c       0x2d c:/program files (x86)/gnu tools arm embedded/5.4 2016q3/bin/../lib/gcc/arm-none-eabi/5.4.1/../../../../arm-none-eabi/lib/armv7-m\libg_nano.a(lib_a-strncpy.o)
 .ARM.attributes
                0x00000559       0x2d c:/program files (x86)/gnu tools arm embedded/5.4 2016q3/bin/../lib/gcc/arm-none-eabi/5.4.1/../../../../arm-none-eabi/lib/armv7-m\libg_nano.a(lib_a-impure.o)
 .ARM.attributes
                0x00000586       0x2d c:/program files (x86)/gnu tools arm embedded/5.4 2016q3/bin/../lib/gcc/arm-none-eabi/5.4.1/../../../../arm-none-eabi/lib/armv7-m\libg_nano.a(lib_a-nano-svfprintf.o)
 .ARM.attributes
                0x000005b3       0x2d c:/program files (x86)/gnu tools arm embedded/5.4 2016q3/bin/../lib/gcc/arm-none-eabi/5.4.1/../../../../arm-none-eabi/lib/armv7-m\libg_nano.a(lib_a-nano-vfprintf_i.o)
 .ARM.attributes
                0x000005e0       0x2d c:/program files (x86)/gnu tools arm embedded/5.4 2016q3/bin/../lib/gcc/arm-none-eabi/5.4.1/../../../../arm-none-eabi/lib/armv7-m\libg_nano.a(lib_a-memchr-stub.o)
 .ARM.attributes
                0x0000060d       0x2d c:/program files (x86)/gnu tools arm embedded/5.4 2016q3/bin/../lib/gcc/arm-none-eabi/5.4.1/../../../../arm-none-eabi/lib/armv7-m\libg_nano.a(lib_a-memmove.o)
 .ARM.attributes
                0x0000063a       0x2d c:/program files (x86)/gnu tools arm embedded/5.4 2016q3/bin/../lib/gcc/arm-none-eabi/5.4.1/../../../../arm-none-eabi/lib/armv7-m\libg_nano.a(lib_a-nano-freer.o)
 .ARM.attributes
                0x00000667       0x2d c:/program files (x86)/gnu tools arm embedded/5.4 2016q3/bin/../lib/gcc/arm-none-eabi/5.4.1/../../../../arm-none-eabi/lib/armv7-m\libg_nano.a(lib_a-nano-mallocr.o)
 .ARM.attributes
                0x00000694       0x2d c:/program files (x86)/gnu tools arm embedded/5.4 2016q3/bin/../lib/gcc/arm-none-eabi/5.4.1/../../../../arm-none-eabi/lib/armv7-m\libg_nano.a(lib_a-nano-reallocr.o)
 .ARM.attributes
                0x000006c1       0x2d c:/program files (x86)/gnu tools arm embedded/5.4 2016q3/bin/../lib/gcc/arm-none-eabi/5.4.1/../../../../arm-none-eabi/lib/armv7-m\libg_nano.a(lib_a-sbrkr.o)
 .ARM.attributes
                0x000006ee       0x2d c:/program files (x86)/gnu tools arm embedded/5.4 2016q3/bin/../lib/gcc/arm-none-eabi/5.4.1/../../../../arm-none-eabi/lib/armv7-m\libg_nano.a(lib_a-mlock.o)
 .ARM.attributes
                0x0000071b       0x2d c:/program files (x86)/gnu tools arm embedded/5.4 2016q3/bin/../lib/gcc/arm-none-eabi/5.4.1/../../../../arm-none-eabi/lib/armv7-m\libg_nano.a(lib_a-nano-msizer.o)
 .ARM.attributes
                0x00000748       0x2d c:/program files (x86)/gnu tools arm embedded/5.4 2016q3/bin/../lib/gcc/arm-none-eabi/5.4.1/../../../../arm-none-eabi/lib/armv7-m\libg_nano.a(lib_a-reent.o)

.debug_frame    0x00000000     0x2338
 .debug_frame   0x00000000       0x88 ..\obj\delay.o
 .debug_frame   0x00000088      0x738 ..\obj\stm32f10x_tim.o
 .debug_frame   0x000007c0       0x3c ..\obj\startup_stm32f10x_md_vl.o
 .debug_frame   0x000007fc      0x1b0 ..\obj\stm32f10x_gpio.o
 .debug_frame   0x000009ac       0x74 ..\obj\main.o
 .debug_frame   0x00000a20      0x118 ..\obj\ublox.o
 .debug_frame   0x00000b38      0x120 ..\obj\init.o
 .debug_frame   0x00000c58      0x10c ..\obj\aprs.o
 .debug_frame   0x00000d64      0x240 ..\obj\stm32f10x_rcc.o
 .debug_frame   0x00000fa4       0xb8 ..\obj\radio.o
 .debug_frame   0x0000105c      0x2c0 ..\obj\stm32f10x_adc.o
 .debug_frame   0x0000131c      0x258 ..\obj\stm32f10x_usart.o
 .debug_frame   0x00001574       0xa0 ..\obj\syscalls.o
 .debug_frame   0x00001614      0x300 ..\obj\stm32f10x_flash.o
 .debug_frame   0x00001914       0xd0 ..\obj\stm32f10x_dma.o
 .debug_frame   0x000019e4       0x6c ..\obj\misc.o
 .debug_frame   0x00001a50      0x1cc ..\obj\stm32f10x_spi.o
 .debug_frame   0x00001c1c      0x364 ..\obj\QAPRSBase.o
 .debug_frame   0x00001f80       0x28 c:/program files (x86)/gnu tools arm embedded/5.4 2016q3/bin/../lib/gcc/arm-none-eabi/5.4.1/../../../../arm-none-eabi/lib/armv7-m\libg_nano.a(lib_a-memcpy-stub.o)
 .debug_frame   0x00001fa8       0x20 c:/program files (x86)/gnu tools arm embedded/5.4 2016q3/bin/../lib/gcc/arm-none-eabi/5.4.1/../../../../arm-none-eabi/lib/armv7-m\libg_nano.a(lib_a-memset.o)
 .debug_frame   0x00001fc8       0x70 c:/program files (x86)/gnu tools arm embedded/5.4 2016q3/bin/../lib/gcc/arm-none-eabi/5.4.1/../../../../arm-none-eabi/lib/armv7-m\libg_nano.a(lib_a-sprintf.o)
 .debug_frame   0x00002038       0x20 c:/program files (x86)/gnu tools arm embedded/5.4 2016q3/bin/../lib/gcc/arm-none-eabi/5.4.1/../../../../arm-none-eabi/lib/armv7-m\libg_nano.a(lib_a-strcpy.o)
 .debug_frame   0x00002058       0x28 c:/program files (x86)/gnu tools arm embedded/5.4 2016q3/bin/../lib/gcc/arm-none-eabi/5.4.1/../../../../arm-none-eabi/lib/armv7-m\libg_nano.a(lib_a-strncpy.o)
 .debug_frame   0x00002080       0x90 c:/program files (x86)/gnu tools arm embedded/5.4 2016q3/bin/../lib/gcc/arm-none-eabi/5.4.1/../../../../arm-none-eabi/lib/armv7-m\libg_nano.a(lib_a-nano-svfprintf.o)
 .debug_frame   0x00002110       0x60 c:/program files (x86)/gnu tools arm embedded/5.4 2016q3/bin/../lib/gcc/arm-none-eabi/5.4.1/../../../../arm-none-eabi/lib/armv7-m\libg_nano.a(lib_a-nano-vfprintf_i.o)
 .debug_frame   0x00002170       0x28 c:/program files (x86)/gnu tools arm embedded/5.4 2016q3/bin/../lib/gcc/arm-none-eabi/5.4.1/../../../../arm-none-eabi/lib/armv7-m\libg_nano.a(lib_a-memchr-stub.o)
 .debug_frame   0x00002198       0x28 c:/program files (x86)/gnu tools arm embedded/5.4 2016q3/bin/../lib/gcc/arm-none-eabi/5.4.1/../../../../arm-none-eabi/lib/armv7-m\libg_nano.a(lib_a-memmove.o)
 .debug_frame   0x000021c0       0x38 c:/program files (x86)/gnu tools arm embedded/5.4 2016q3/bin/../lib/gcc/arm-none-eabi/5.4.1/../../../../arm-none-eabi/lib/armv7-m\libg_nano.a(lib_a-nano-freer.o)
 .debug_frame   0x000021f8       0x2c c:/program files (x86)/gnu tools arm embedded/5.4 2016q3/bin/../lib/gcc/arm-none-eabi/5.4.1/../../../../arm-none-eabi/lib/armv7-m\libg_nano.a(lib_a-nano-mallocr.o)
 .debug_frame   0x00002224       0x3c c:/program files (x86)/gnu tools arm embedded/5.4 2016q3/bin/../lib/gcc/arm-none-eabi/5.4.1/../../../../arm-none-eabi/lib/armv7-m\libg_nano.a(lib_a-nano-reallocr.o)
 .debug_frame   0x00002260       0x2c c:/program files (x86)/gnu tools arm embedded/5.4 2016q3/bin/../lib/gcc/arm-none-eabi/5.4.1/../../../../arm-none-eabi/lib/armv7-m\libg_nano.a(lib_a-sbrkr.o)
 .debug_frame   0x0000228c       0x30 c:/program files (x86)/gnu tools arm embedded/5.4 2016q3/bin/../lib/gcc/arm-none-eabi/5.4.1/../../../../arm-none-eabi/lib/armv7-m\libg_nano.a(lib_a-mlock.o)
 .debug_frame   0x000022bc       0x20 c:/program files (x86)/gnu tools arm embedded/5.4 2016q3/bin/../lib/gcc/arm-none-eabi/5.4.1/../../../../arm-none-eabi/lib/armv7-m\libg_nano.a(lib_a-nano-msizer.o)
 .debug_frame   0x000022dc       0x5c c:/program files (x86)/gnu tools arm embedded/5.4 2016q3/bin/../lib/gcc/arm-none-eabi/5.4.1/../../../../arm-none-eabi/lib/armv7-m\libg_nano.a(lib_a-reent.o)
