Archive member included to satisfy reference by file (symbol)

c:/program files (x86)/gnu tools arm embedded/5.4 2016q3/bin/../lib/gcc/arm-none-eabi/5.4.1/armv7-m\libgcc.a(_arm_addsubsf3.o)
                              ..\obj\radio.o (__aeabi_fsub)
c:/program files (x86)/gnu tools arm embedded/5.4 2016q3/bin/../lib/gcc/arm-none-eabi/5.4.1/armv7-m\libgcc.a(_arm_muldivsf3.o)
                              ..\obj\radio.o (__aeabi_fmul)
c:/program files (x86)/gnu tools arm embedded/5.4 2016q3/bin/../lib/gcc/arm-none-eabi/5.4.1/armv7-m\libgcc.a(_arm_cmpsf2.o)
                              ..\obj\radio.o (__aeabi_fcmpge)
c:/program files (x86)/gnu tools arm embedded/5.4 2016q3/bin/../lib/gcc/arm-none-eabi/5.4.1/armv7-m\libgcc.a(_arm_fixunssfsi.o)
                              ..\obj\radio.o (__aeabi_f2uiz)
c:/program files (x86)/gnu tools arm embedded/5.4 2016q3/bin/../lib/gcc/arm-none-eabi/5.4.1/armv7-m\libgcc.a(unwind-arm.o)
                              ..\obj\aprs.o (__aeabi_unwind_cpp_pr0)
c:/program files (x86)/gnu tools arm embedded/5.4 2016q3/bin/../lib/gcc/arm-none-eabi/5.4.1/armv7-m\libgcc.a(libunwind.o)
                              c:/program files (x86)/gnu tools arm embedded/5.4 2016q3/bin/../lib/gcc/arm-none-eabi/5.4.1/armv7-m\libgcc.a(unwind-arm.o) (restore_core_regs)
c:/program files (x86)/gnu tools arm embedded/5.4 2016q3/bin/../lib/gcc/arm-none-eabi/5.4.1/armv7-m\libgcc.a(pr-support.o)
                              c:/program files (x86)/gnu tools arm embedded/5.4 2016q3/bin/../lib/gcc/arm-none-eabi/5.4.1/armv7-m\libgcc.a(unwind-arm.o) (__gnu_unwind_execute)
c:/program files (x86)/gnu tools arm embedded/5.4 2016q3/bin/../lib/gcc/arm-none-eabi/5.4.1/../../../../arm-none-eabi/lib/armv7-m\libg_nano.a(lib_a-memcpy-stub.o)
                              ..\obj\startup_stm32f10x_md_vl.o (memcpy)
c:/program files (x86)/gnu tools arm embedded/5.4 2016q3/bin/../lib/gcc/arm-none-eabi/5.4.1/../../../../arm-none-eabi/lib/armv7-m\libg_nano.a(lib_a-memset.o)
                              ..\obj\ublox.o (memset)
c:/program files (x86)/gnu tools arm embedded/5.4 2016q3/bin/../lib/gcc/arm-none-eabi/5.4.1/../../../../arm-none-eabi/lib/armv7-m\libg_nano.a(lib_a-sprintf.o)
                              ..\obj\aprs.o (sprintf)
c:/program files (x86)/gnu tools arm embedded/5.4 2016q3/bin/../lib/gcc/arm-none-eabi/5.4.1/../../../../arm-none-eabi/lib/armv7-m\libg_nano.a(lib_a-strcpy.o)
                              ..\obj\QAPRSBase.o (strcpy)
c:/program files (x86)/gnu tools arm embedded/5.4 2016q3/bin/../lib/gcc/arm-none-eabi/5.4.1/../../../../arm-none-eabi/lib/armv7-m\libg_nano.a(lib_a-strlen.o)
                              ..\obj\QAPRSBase.o (strlen)
c:/program files (x86)/gnu tools arm embedded/5.4 2016q3/bin/../lib/gcc/arm-none-eabi/5.4.1/../../../../arm-none-eabi/lib/armv7-m\libg_nano.a(lib_a-strncpy.o)
                              ..\obj\QAPRSBase.o (strncpy)
c:/program files (x86)/gnu tools arm embedded/5.4 2016q3/bin/../lib/gcc/arm-none-eabi/5.4.1/../../../../arm-none-eabi/lib/armv7-m\libg_nano.a(lib_a-impure.o)
                              c:/program files (x86)/gnu tools arm embedded/5.4 2016q3/bin/../lib/gcc/arm-none-eabi/5.4.1/../../../../arm-none-eabi/lib/armv7-m\libg_nano.a(lib_a-sprintf.o) (_impure_ptr)
c:/program files (x86)/gnu tools arm embedded/5.4 2016q3/bin/../lib/gcc/arm-none-eabi/5.4.1/../../../../arm-none-eabi/lib/armv7-m\libg_nano.a(lib_a-nano-svfprintf.o)
                              c:/program files (x86)/gnu tools arm embedded/5.4 2016q3/bin/../lib/gcc/arm-none-eabi/5.4.1/../../../../arm-none-eabi/lib/armv7-m\libg_nano.a(lib_a-sprintf.o) (_svfprintf_r)
c:/program files (x86)/gnu tools arm embedded/5.4 2016q3/bin/../lib/gcc/arm-none-eabi/5.4.1/../../../../arm-none-eabi/lib/armv7-m\libg_nano.a(lib_a-nano-vfprintf_i.o)
                              c:/program files (x86)/gnu tools arm embedded/5.4 2016q3/bin/../lib/gcc/arm-none-eabi/5.4.1/../../../../arm-none-eabi/lib/armv7-m\libg_nano.a(lib_a-nano-svfprintf.o) (_printf_i)
c:/program files (x86)/gnu tools arm embedded/5.4 2016q3/bin/../lib/gcc/arm-none-eabi/5.4.1/../../../../arm-none-eabi/lib/armv7-m\libg_nano.a(lib_a-memchr-stub.o)
                              c:/program files (x86)/gnu tools arm embedded/5.4 2016q3/bin/../lib/gcc/arm-none-eabi/5.4.1/../../../../arm-none-eabi/lib/armv7-m\libg_nano.a(lib_a-nano-svfprintf.o) (memchr)
c:/program files (x86)/gnu tools arm embedded/5.4 2016q3/bin/../lib/gcc/arm-none-eabi/5.4.1/../../../../arm-none-eabi/lib/armv7-m\libg_nano.a(lib_a-memmove.o)
                              c:/program files (x86)/gnu tools arm embedded/5.4 2016q3/bin/../lib/gcc/arm-none-eabi/5.4.1/../../../../arm-none-eabi/lib/armv7-m\libg_nano.a(lib_a-nano-svfprintf.o) (memmove)
c:/program files (x86)/gnu tools arm embedded/5.4 2016q3/bin/../lib/gcc/arm-none-eabi/5.4.1/../../../../arm-none-eabi/lib/armv7-m\libg_nano.a(lib_a-nano-freer.o)
[...]
Memory Configuration

Name             Origin             Length             Attributes
rom              0x08000000         0x00010000         xr
ram              0x20000000         0x00002000         xrw
*default*        0x00000000         0xffffffff

Linker script and memory map

                0x20002000                _eram = 0x20002000

.text           0x08000000     0x45ff
 *(.isr_vector)
 .isr_vector    0x08000000      0x124 ..\obj\startup_stm32f10x_md_vl.o
                0x08000000                g_pfnVectors
 *(.text*)
 .text.delay_init
                0x08000124       0x74 ..\obj\delay.o
                0x08000124                delay_init
 .text._delay_us
                0x08000198       0x44 ..\obj\delay.o
                0x08000198                _delay_us
 .text._delay_ms
                0x080001dc       0x4c ..\obj\delay.o
                0x080001dc                _delay_ms
 .text.TIM3_IRQHandler
                0x08000228       0x24 ..\obj\delay.o
                0x08000228                TIM3_IRQHandler
 .text.TIM_TimeBaseInit
                0x0800024c       0xa8 ..\obj\stm32f10x_tim.o
                0x0800024c                TIM_TimeBaseInit
 .text.TIM_Cmd  0x080002f4       0x1c ..\obj\stm32f10x_tim.o
                0x080002f4                TIM_Cmd
 .text.TIM_ITConfig
                0x08000310       0x14 ..\obj\stm32f10x_tim.o
                0x08000310                TIM_ITConfig
 .text.TIM_SetCounter
                0x08000324        0x4 ..\obj\stm32f10x_tim.o
                0x08000324                TIM_SetCounter
 .text.TIM_SetAutoreload
                0x08000328        0x4 ..\obj\stm32f10x_tim.o
                0x08000328                TIM_SetAutoreload
 .text.TIM_GetITStatus
                0x0800032c       0x18 ..\obj\stm32f10x_tim.o
                0x0800032c                TIM_GetITStatus
 .text.TIM_ClearITPendingBit
                0x08000344        0x8 ..\obj\stm32f10x_tim.o
                0x08000344                TIM_ClearITPendingBit
 .text.Default_Handler
                0x0800034c        0x4 ..\obj\startup_stm32f10x_md_vl.o
                0x0800034c                EXTI2_IRQHandler
                0x0800034c                DebugMon_Handler
                0x0800034c                TIM1_CC_IRQHandler
                0x0800034c                HardFault_Handler
                0x0800034c                SysTick_Handler
                0x0800034c                PVD_IRQHandler
                0x0800034c                PendSV_Handler
                0x0800034c                NMI_Handler
                0x0800034c                EXTI3_IRQHandler
                0x0800034c                EXTI0_IRQHandler
                0x0800034c                I2C2_EV_IRQHandler
                0x0800034c                TIM1_UP_TIM16_IRQHandler
                0x0800034c                UsageFault_Handler
                0x0800034c                SPI1_IRQHandler
                0x0800034c                TAMPER_IRQHandler
                0x0800034c                TIM6_DAC_IRQHandler
                0x0800034c                DMA1_Channel4_IRQHandler
                0x0800034c                ADC1_IRQHandler
                0x0800034c                USART3_IRQHandler
                0x0800034c                RTC_IRQHandler
                0x0800034c                DMA1_Channel7_IRQHandler
                0x0800034c                TIM4_IRQHandler
                0x0800034c                I2C1_EV_IRQHandler
                0x0800034c                DMA1_Channel6_IRQHandler
                0x0800034c                RCC_IRQHandler
                0x0800034c                DMA1_Channel1_IRQHandler
                0x0800034c                CEC_IRQHandler
                0x0800034c                EXTI15_10_IRQHandler
                0x0800034c                TIM7_IRQHandler
                0x0800034c                EXTI9_5_IRQHandler
                0x0800034c                SPI2_IRQHandler
                0x0800034c                MemManage_Handler
                0x0800034c                SVC_Handler
                0x0800034c                DMA1_Channel5_IRQHandler
                0x0800034c                EXTI4_IRQHandler
                0x0800034c                TIM1_TRG_COM_TIM17_IRQHandler
                0x0800034c                DMA1_Channel3_IRQHandler
                0x0800034c                WWDG_IRQHandler
                0x0800034c                EXTI1_IRQHandler
                0x0800034c                RTCAlarm_IRQHandler
                0x0800034c                USART2_IRQHandler
                0x0800034c                I2C2_ER_IRQHandler
                0x0800034c                DMA1_Channel2_IRQHandler
                0x0800034c                FLASH_IRQHandler
                0x0800034c                BusFault_Handler
                0x0800034c                I2C1_ER_IRQHandler
                0x0800034c                TIM1_BRK_TIM15_IRQHandler
 .text.Default_Reset_Handler
                0x08000350       0x48 ..\obj\startup_stm32f10x_md_vl.o
                0x08000350                Default_Reset_Handler
                0x08000350                Reset_Handler
 .text.GPIO_Init
                0x08000398      0x3cc ..\obj\stm32f10x_gpio.o
                0x08000398                GPIO_Init
 .text.GPIO_SetBits
                0x08000764        0x4 ..\obj\stm32f10x_gpio.o
                0x08000764                GPIO_SetBits
 .text.GPIO_ResetBits
                0x08000768        0x4 ..\obj\stm32f10x_gpio.o
                0x08000768                GPIO_ResetBits
 .text.USART1_IRQHandler
                0x0800076c       0x38 ..\obj\main.o
                0x0800076c                USART1_IRQHandler
 .text.TIM2_IRQHandler
                0x080007a4       0x2c ..\obj\main.o
                0x080007a4                TIM2_IRQHandler
 .text.startup.main
                0x080007d0      0x130 ..\obj\main.o
                0x080007d0                main
 .text.send_ublox
                0x08000900      0x178 ..\obj\ublox.o
                0x08000900                send_ublox
 .text.ublox_get_last_data
                0x08000a78       0x24 ..\obj\ublox.o
                0x08000a78                ublox_get_last_data
 .text.ublox_init
                0x08000a9c      0x474 ..\obj\ublox.o
                0x08000a9c                ublox_init
 .text.ublox_handle_packet
                0x08000f10       0xfc ..\obj\ublox.o
                0x08000f10                ublox_handle_packet
 .text.ublox_handle_incoming_byte
                0x0800100c       0x68 ..\obj\ublox.o
                0x0800100c                ublox_handle_incoming_byte
 .text.init_usart_gps
                0x08001074       0xa8 ..\obj\init.o
                0x08001074                init_usart_gps
 .text.NVIC_Conf
                0x0800111c        0xc ..\obj\init.o
                0x0800111c                NVIC_Conf
 .text.RCC_Conf
                0x08001128       0x4c ..\obj\init.o
                0x08001128                RCC_Conf
 .text.init_port
                0x08001174      0x354 ..\obj\init.o
                0x08001174                init_port
 .text.spi_init
                0x080014c8       0x84 ..\obj\init.o
                0x080014c8                spi_init
 .text.spi_deinit
                0x0800154c       0x30 ..\obj\init.o
                0x0800154c                spi_deinit
 .text.init_timer
                0x0800157c       0x84 ..\obj\init.o
                0x0800157c                init_timer
 .text.aprs_init
                0x08001600       0x34 ..\obj\aprs.o
                0x08001600                aprs_init
 .text.aprs_timer_handler
                0x08001634        0xc ..\obj\aprs.o
                0x08001634                aprs_timer_handler
 .text.aprs_is_active
                0x08001640        0xc ..\obj\aprs.o
                0x08001640                aprs_is_active
 .text.aprs_send_status_ok
                0x0800164c       0x24 ..\obj\aprs.o
                0x0800164c                aprs_send_status_ok
 .text.aprs_send_status
                0x08001670       0x24 ..\obj\aprs.o
                0x08001670                aprs_send_status
 .text.aprs_send_position
                0x08001694      0x1c0 ..\obj\aprs.o
                0x08001694                aprs_send_position
 .text.RCC_DeInit
                0x08001854       0x48 ..\obj\stm32f10x_rcc.o
                0x08001854                RCC_DeInit
 .text.RCC_HSEConfig
                0x0800189c       0x38 ..\obj\stm32f10x_rcc.o
                0x0800189c                RCC_HSEConfig
 .text.RCC_WaitForHSEStartUp
                0x080018d4       0x34 ..\obj\stm32f10x_rcc.o
                0x080018d4                RCC_WaitForHSEStartUp
 .text.RCC_SYSCLKConfig
                0x08001908       0x14 ..\obj\stm32f10x_rcc.o
                0x08001908                RCC_SYSCLKConfig
 .text.RCC_GetSYSCLKSource
                0x0800191c       0x10 ..\obj\stm32f10x_rcc.o
                0x0800191c                RCC_GetSYSCLKSource
 .text.RCC_HCLKConfig
                0x0800192c       0x14 ..\obj\stm32f10x_rcc.o
                0x0800192c                RCC_HCLKConfig
 .text.RCC_PCLK1Config
                0x08001940       0x14 ..\obj\stm32f10x_rcc.o
                0x08001940                RCC_PCLK1Config
 .text.RCC_PCLK2Config
                0x08001954       0x14 ..\obj\stm32f10x_rcc.o
                0x08001954                RCC_PCLK2Config
 .text.RCC_ADCCLKConfig
                0x08001968       0x14 ..\obj\stm32f10x_rcc.o
                0x08001968                RCC_ADCCLKConfig
 .text.RCC_GetClocksFreq
                0x0800197c       0xa8 ..\obj\stm32f10x_rcc.o
                0x0800197c                RCC_GetClocksFreq
 .text.RCC_AHBPeriphClockCmd
                0x08001a24       0x1c ..\obj\stm32f10x_rcc.o
                0x08001a24                RCC_AHBPeriphClockCmd
 .text.RCC_APB2PeriphClockCmd
                0x08001a40       0x1c ..\obj\stm32f10x_rcc.o
                0x08001a40                RCC_APB2PeriphClockCmd
 .text.RCC_APB1PeriphClockCmd
                0x08001a5c       0x1c ..\obj\stm32f10x_rcc.o
                0x08001a5c                RCC_APB1PeriphClockCmd
 .text.RCC_APB2PeriphResetCmd
                0x08001a78       0x1c ..\obj\stm32f10x_rcc.o
                0x08001a78                RCC_APB2PeriphResetCmd
 .text.RCC_APB1PeriphResetCmd
                0x08001a94       0x1c ..\obj\stm32f10x_rcc.o
                0x08001a94                RCC_APB1PeriphResetCmd
 .text.radio_rw_register
                0x08001ab0       0x60 ..\obj\radio.o
                0x08001ab0                radio_rw_register
 .text.radio_set_tx_frequency
                0x08001b10      0x194 ..\obj\radio.o
                0x08001b10                radio_set_tx_frequency
 .text.radio_disable_tx
                0x08001ca4       0x4c ..\obj\radio.o
                0x08001ca4                radio_disable_tx
 .text.radio_soft_reset
                0x08001cf0       0x4c ..\obj\radio.o
                0x08001cf0                radio_soft_reset
 .text.radio_enable_tx
                0x08001d3c       0x4c ..\obj\radio.o
                0x08001d3c                radio_enable_tx
 .text.ADC_Init
                0x08001d88       0x48 ..\obj\stm32f10x_adc.o
                0x08001d88                ADC_Init
 .text.ADC_Cmd  0x08001dd0       0x14 ..\obj\stm32f10x_adc.o
                0x08001dd0                ADC_Cmd
 .text.ADC_DMACmd
                0x08001de4       0x14 ..\obj\stm32f10x_adc.o
                0x08001de4                ADC_DMACmd
 .text.ADC_ResetCalibration
                0x08001df8        0xc ..\obj\stm32f10x_adc.o
                0x08001df8                ADC_ResetCalibration
 .text.ADC_GetResetCalibrationStatus
                0x08001e04        0x8 ..\obj\stm32f10x_adc.o
                0x08001e04                ADC_GetResetCalibrationStatus
 .text.ADC_StartCalibration
                0x08001e0c        0xc ..\obj\stm32f10x_adc.o
                0x08001e0c                ADC_StartCalibration
 .text.ADC_GetCalibrationStatus
                0x08001e18        0x8 ..\obj\stm32f10x_adc.o
                0x08001e18                ADC_GetCalibrationStatus
 .text.ADC_SoftwareStartConvCmd
                0x08001e20       0x14 ..\obj\stm32f10x_adc.o
                0x08001e20                ADC_SoftwareStartConvCmd
 .text.ADC_RegularChannelConfig
                0x08001e34       0x94 ..\obj\stm32f10x_adc.o
                0x08001e34                ADC_RegularChannelConfig
 .text.USART_Init
                0x08001ec8       0xbc ..\obj\stm32f10x_usart.o
                0x08001ec8                USART_Init
 .text.USART_Cmd
                0x08001f84       0x1c ..\obj\stm32f10x_usart.o
                0x08001f84                USART_Cmd
 .text.USART_ITConfig
                0x08001fa0       0x38 ..\obj\stm32f10x_usart.o
                0x08001fa0                USART_ITConfig
 .text.USART_SendData
                0x08001fd8        0x8 ..\obj\stm32f10x_usart.o
                0x08001fd8                USART_SendData
 .text.USART_ReceiveData
                0x08001fe0        0x8 ..\obj\stm32f10x_usart.o
                0x08001fe0                USART_ReceiveData
 .text.USART_GetFlagStatus
                0x08001fe8        0xc ..\obj\stm32f10x_usart.o
                0x08001fe8                USART_GetFlagStatus
 .text.USART_GetITStatus
                0x08001ff4       0x48 ..\obj\stm32f10x_usart.o
                0x08001ff4                USART_GetITStatus
 .text.USART_ClearITPendingBit
                0x0800203c       0x10 ..\obj\stm32f10x_usart.o
                0x0800203c                USART_ClearITPendingBit
 .text._sbrk    0x0800204c       0x1c ..\obj\syscalls.o
                0x0800204c                _sbrk
 .text.abort    0x08002068        0x4 ..\obj\syscalls.o
                0x08002068                abort
 .text.FLASH_SetLatency
                0x0800206c       0x14 ..\obj\stm32f10x_flash.o
                0x0800206c                FLASH_SetLatency
 .text.FLASH_PrefetchBufferCmd
                0x08002080       0x18 ..\obj\stm32f10x_flash.o
                0x08002080                FLASH_PrefetchBufferCmd
 .text.DMA_DeInit
                0x08002098      0x128 ..\obj\stm32f10x_dma.o
                0x08002098                DMA_DeInit
 .text.DMA_Init
                0x080021c0       0x40 ..\obj\stm32f10x_dma.o
                0x080021c0                DMA_Init
 .text.DMA_Cmd  0x08002200       0x18 ..\obj\stm32f10x_dma.o
                0x08002200                DMA_Cmd
 .text.NVIC_Init
                0x08002218       0x6c ..\obj\misc.o
                0x08002218                NVIC_Init
 .text.NVIC_SetVectorTable
                0x08002284       0x14 ..\obj\misc.o
                0x08002284                NVIC_SetVectorTable
 .text.NVIC_SystemLPConfig
                0x08002298       0x18 ..\obj\misc.o
                0x08002298                NVIC_SystemLPConfig
 .text.SPI_I2S_DeInit
                0x080022b0       0x6c ..\obj\stm32f10x_spi.o
                0x080022b0                SPI_I2S_DeInit
 .text.SPI_Init
                0x0800231c       0x40 ..\obj\stm32f10x_spi.o
                0x0800231c                SPI_Init
 .text.SPI_Cmd  0x0800235c       0x1c ..\obj\stm32f10x_spi.o
                0x0800235c                SPI_Cmd
 .text.SPI_I2S_SendData
                0x08002378        0x4 ..\obj\stm32f10x_spi.o
                0x08002378                SPI_I2S_SendData
 .text.SPI_I2S_ReceiveData
                0x0800237c        0x8 ..\obj\stm32f10x_spi.o
                0x0800237c                SPI_I2S_ReceiveData
 .text.SPI_SSOutputCmd
                0x08002384       0x1c ..\obj\stm32f10x_spi.o
                0x08002384                SPI_SSOutputCmd
 .text.SPI_I2S_GetFlagStatus
                0x080023a0        0xc ..\obj\stm32f10x_spi.o
                0x080023a0                SPI_I2S_GetFlagStatus
 .text._ZN9QAPRSBase12ax25SendByteEh
                0x080023ac       0xc8 ..\obj\QAPRSBase.o
                0x080023ac                QAPRSBase::ax25SendByte(unsigned char)
 .text._ZN9QAPRSBase4sendEPcj
                0x08002474      0x114 ..\obj\QAPRSBase.o
                0x08002474                QAPRSBase::send(char*, unsigned int)
 .text._ZN9QAPRSBase8sendDataEPc
                0x08002588       0xcc ..\obj\QAPRSBase.o
                0x08002588                QAPRSBase::sendData(char*)
 .text._ZN9QAPRSBase11parseRelaysEPKcPc
                0x08002654       0x9c ..\obj\QAPRSBase.o
                0x08002654                QAPRSBase::parseRelays(char const*, char*)
 .text._ZN9QAPRSBase4initEaaPchS0_hS0_
                0x080026f0       0x9c ..\obj\QAPRSBase.o
                0x080026f0                QAPRSBase::init(signed char, signed char, char*, unsigned char, char*, unsigned char, char*)
 .text._ZN9QAPRSBase21timerInterruptHandlerEv
                0x0800278c       0x58 ..\obj\QAPRSBase.o
                0x0800278c                QAPRSBase::timerInterruptHandler()
 .text          0x080027e4      0x21c c:/program files (x86)/gnu tools arm embedded/5.4 2016q3/bin/../lib/gcc/arm-none-eabi/5.4.1/armv7-m\libgcc.a(_arm_addsubsf3.o)
                0x080027e4                __aeabi_frsub
                0x080027ec                __subsf3
                0x080027ec                __aeabi_fsub
                0x080027f0                __aeabi_fadd
                0x080027f0                __addsf3
                0x08002950                __aeabi_ui2f
                0x08002950                __floatunsisf
                0x08002958                __aeabi_i2f
                0x08002958                __floatsisf
                0x08002974                __aeabi_ul2f
                0x08002974                __floatundisf
                0x08002984                __aeabi_l2f
                0x08002984                __floatdisf
 .text          0x08002a00      0x2a0 c:/program files (x86)/gnu tools arm embedded/5.4 2016q3/bin/../lib/gcc/arm-none-eabi/5.4.1/armv7-m\libgcc.a(_arm_muldivsf3.o)
                0x08002a00                __mulsf3
                0x08002a00                __aeabi_fmul
                0x08002b68                __aeabi_fdiv
                0x08002b68                __divsf3
 .text          0x08002ca0       0xec c:/program files (x86)/gnu tools arm embedded/5.4 2016q3/bin/../lib/gcc/arm-none-eabi/5.4.1/armv7-m\libgcc.a(_arm_cmpsf2.o)
                0x08002ca0                __gesf2
                0x08002ca0                __gtsf2
                0x08002ca8                __lesf2
                0x08002ca8                __ltsf2
                0x08002cb0                __nesf2
                0x08002cb0                __eqsf2
                0x08002cb0                __cmpsf2
                0x08002d10                __aeabi_cfrcmple
                0x08002d18                __aeabi_cfcmpeq
                0x08002d18                __aeabi_cfcmple
                0x08002d28                __aeabi_fcmpeq
                0x08002d3c                __aeabi_fcmplt
                0x08002d50                __aeabi_fcmple
                0x08002d64                __aeabi_fcmpge
                0x08002d78                __aeabi_fcmpgt
 .text          0x08002d8c       0x40 c:/program files (x86)/gnu tools arm embedded/5.4 2016q3/bin/../lib/gcc/arm-none-eabi/5.4.1/armv7-m\libgcc.a(_arm_fixunssfsi.o)
                0x08002d8c                __fixunssfsi
                0x08002d8c                __aeabi_f2uiz
 .text          0x08002dcc      0x9e4 c:/program files (x86)/gnu tools arm embedded/5.4 2016q3/bin/../lib/gcc/arm-none-eabi/5.4.1/armv7-m\libgcc.a(unwind-arm.o)
                0x0800308c                _Unwind_GetCFA
                0x08003090                __gnu_Unwind_RaiseException
                0x080030f0                __gnu_Unwind_ForcedUnwind
                0x08003104                __gnu_Unwind_Resume
                0x08003148                __gnu_Unwind_Resume_or_Rethrow
                0x0800315c                _Unwind_Complete
                0x08003160                _Unwind_DeleteException
                0x0800316c                _Unwind_VRS_Get
                0x080031b8                _Unwind_VRS_Set
                0x08003208                __gnu_Unwind_Backtrace
                0x08003554                __aeabi_unwind_cpp_pr0
                0x08003558                __aeabi_unwind_cpp_pr1
                0x0800355c                __aeabi_unwind_cpp_pr2
                0x08003560                _Unwind_VRS_Pop
 .text          0x080037b0      0x1ac c:/program files (x86)/gnu tools arm embedded/5.4 2016q3/bin/../lib/gcc/arm-none-eabi/5.4.1/armv7-m\libgcc.a(libunwind.o)
                0x080037b0                __restore_core_regs
                0x080037b0                restore_core_regs
                0x080037c8                __gnu_Unwind_Restore_VFP
                0x080037d0                __gnu_Unwind_Save_VFP
                0x080037d8                __gnu_Unwind_Restore_VFP_D
                0x080037e0                __gnu_Unwind_Save_VFP_D
                0x080037e8                __gnu_Unwind_Restore_VFP_D_16_to_31
                0x080037f0                __gnu_Unwind_Save_VFP_D_16_to_31
                0x080037f8                __gnu_Unwind_Restore_WMMXD
                0x0800383c                __gnu_Unwind_Save_WMMXD
                0x08003880                __gnu_Unwind_Restore_WMMXC
                0x08003894                __gnu_Unwind_Save_WMMXC
                0x080038a8                ___Unwind_RaiseException
                0x080038a8                _Unwind_RaiseException
                0x080038cc                _Unwind_Resume
                0x080038cc                ___Unwind_Resume
                0x080038f0                _Unwind_Resume_or_Rethrow
                0x080038f0                ___Unwind_Resume_or_Rethrow
                0x08003914                _Unwind_ForcedUnwind
                0x08003914                ___Unwind_ForcedUnwind
                0x08003938                ___Unwind_Backtrace
                0x08003938                _Unwind_Backtrace
 .text          0x0800395c      0x354 c:/program files (x86)/gnu tools arm embedded/5.4 2016q3/bin/../lib/gcc/arm-none-eabi/5.4.1/armv7-m\libgcc.a(pr-support.o)
                0x080039b4                __gnu_unwind_execute
                0x08003c58                __gnu_unwind_frame
                0x08003c80                _Unwind_GetRegionStart
                0x08003c8c                _Unwind_GetLanguageSpecificData
                0x08003ca0                _Unwind_GetTextRelBase
                0x08003ca8                _Unwind_GetDataRelBase
 .text.memcpy   0x08003cb0       0x16 c:/program files (x86)/gnu tools arm embedded/5.4 2016q3/bin/../lib/gcc/arm-none-eabi/5.4.1/../../../../arm-none-eabi/lib/armv7-m\libg_nano.a(lib_a-memcpy-stub.o)
                0x08003cb0                memcpy
 .text.memset   0x08003cc6       0x10 c:/program files (x86)/gnu tools arm embedded/5.4 2016q3/bin/../lib/gcc/arm-none-eabi/5.4.1/../../../../arm-none-eabi/lib/armv7-m\libg_nano.a(lib_a-memset.o)
                0x08003cc6                memset
 *fill*         0x08003cd6        0x2 
 .text.sprintf  0x08003cd8       0x48 c:/program files (x86)/gnu tools arm embedded/5.4 2016q3/bin/../lib/gcc/arm-none-eabi/5.4.1/../../../../arm-none-eabi/lib/armv7-m\libg_nano.a(lib_a-sprintf.o)
                0x08003cd8                siprintf
                0x08003cd8                sprintf
 .text.strcpy   0x08003d20       0x10 c:/program files (x86)/gnu tools arm embedded/5.4 2016q3/bin/../lib/gcc/arm-none-eabi/5.4.1/../../../../arm-none-eabi/lib/armv7-m\libg_nano.a(lib_a-strcpy.o)
                0x08003d20                strcpy
 .text          0x08003d30       0x10 c:/program files (x86)/gnu tools arm embedded/5.4 2016q3/bin/../lib/gcc/arm-none-eabi/5.4.1/../../../../arm-none-eabi/lib/armv7-m\libg_nano.a(lib_a-strlen.o)
                0x08003d30                strlen
 .text.strncpy  0x08003d40       0x26 c:/program files (x86)/gnu tools arm embedded/5.4 2016q3/bin/../lib/gcc/arm-none-eabi/5.4.1/../../../../arm-none-eabi/lib/armv7-m\libg_nano.a(lib_a-strncpy.o)
                0x08003d40                strncpy
 .text.__ssputs_r
                0x08003d66       0xb2 c:/program files (x86)/gnu tools arm embedded/5.4 2016q3/bin/../lib/gcc/arm-none-eabi/5.4.1/../../../../arm-none-eabi/lib/armv7-m\libg_nano.a(lib_a-nano-svfprintf.o)
                0x08003d66                __ssputs_r
 .text._svfprintf_r
                0x08003e18      0x1e8 c:/program files (x86)/gnu tools arm embedded/5.4 2016q3/bin/../lib/gcc/arm-none-eabi/5.4.1/../../../../arm-none-eabi/lib/armv7-m\libg_nano.a(lib_a-nano-svfprintf.o)
                0x08003e18                _svfiprintf_r
                0x08003e18                _svfprintf_r
 .text._printf_common
                0x08004000       0xec c:/program files (x86)/gnu tools arm embedded/5.4 2016q3/bin/../lib/gcc/arm-none-eabi/5.4.1/../../../../arm-none-eabi/lib/armv7-m\libg_nano.a(lib_a-nano-vfprintf_i.o)
                0x08004000                _printf_common
 .text._printf_i
                0x080040ec      0x24c c:/program files (x86)/gnu tools arm embedded/5.4 2016q3/bin/../lib/gcc/arm-none-eabi/5.4.1/../../../../arm-none-eabi/lib/armv7-m\libg_nano.a(lib_a-nano-vfprintf_i.o)
                0x080040ec                _printf_i
 .text.memchr   0x08004338       0x1c c:/program files (x86)/gnu tools arm embedded/5.4 2016q3/bin/../lib/gcc/arm-none-eabi/5.4.1/../../../../arm-none-eabi/lib/armv7-m\libg_nano.a(lib_a-memchr-stub.o)
                0x08004338                memchr
 .text.memmove  0x08004354       0x36 c:/program files (x86)/gnu tools arm embedded/5.4 2016q3/bin/../lib/gcc/arm-none-eabi/5.4.1/../../../../arm-none-eabi/lib/armv7-m\libg_nano.a(lib_a-memmove.o)
                0x08004354                memmove
 *fill*         0x0800438a        0x2 
 .text._free_r  0x0800438c       0x98 c:/program files (x86)/gnu tools arm embedded/5.4 2016q3/bin/../lib/gcc/arm-none-eabi/5.4.1/../../../../arm-none-eabi/lib/armv7-m\libg_nano.a(lib_a-nano-freer.o)
                0x0800438c                _free_r
 .text._malloc_r
                0x08004424       0xbc c:/program files (x86)/gnu tools arm embedded/5.4 2016q3/bin/../lib/gcc/arm-none-eabi/5.4.1/../../../../arm-none-eabi/lib/armv7-m\libg_nano.a(lib_a-nano-mallocr.o)
                0x08004424                _malloc_r
 .text._realloc_r
                0x080044e0       0x4c c:/program files (x86)/gnu tools arm embedded/5.4 2016q3/bin/../lib/gcc/arm-none-eabi/5.4.1/../../../../arm-none-eabi/lib/armv7-m\libg_nano.a(lib_a-nano-reallocr.o)
                0x080044e0                _realloc_r
 .text._sbrk_r  0x0800452c       0x20 c:/program files (x86)/gnu tools arm embedded/5.4 2016q3/bin/../lib/gcc/arm-none-eabi/5.4.1/../../../../arm-none-eabi/lib/armv7-m\libg_nano.a(lib_a-sbrkr.o)
                0x0800452c                _sbrk_r
 .text.__malloc_lock
                0x0800454c        0x2 c:/program files (x86)/gnu tools arm embedded/5.4 2016q3/bin/../lib/gcc/arm-none-eabi/5.4.1/../../../../arm-none-eabi/lib/armv7-m\libg_nano.a(lib_a-mlock.o)
                0x0800454c                __malloc_lock
 .text.__malloc_unlock
                0x0800454e        0x2 c:/program files (x86)/gnu tools arm embedded/5.4 2016q3/bin/../lib/gcc/arm-none-eabi/5.4.1/../../../../arm-none-eabi/lib/armv7-m\libg_nano.a(lib_a-mlock.o)
                0x0800454e                __malloc_unlock
 .text._malloc_usable_size_r
                0x08004550       0x14 c:/program files (x86)/gnu tools arm embedded/5.4 2016q3/bin/../lib/gcc/arm-none-eabi/5.4.1/../../../../arm-none-eabi/lib/armv7-m\libg_nano.a(lib_a-nano-msizer.o)
                0x08004550                _malloc_usable_size_r
 *(.init)
 *(.fini)
 *crtbegin.o(.ctors)
 *crtbegin?.o(.ctors)
 *(EXCLUDE_FILE(*crtend.o *crtend?.o) .ctors)
 *(SORT(.ctors.*))
 *(.ctors)
 *crtbegin.o(.dtors)
 *crtbegin?.o(.dtors)
 *(EXCLUDE_FILE(*crtend.o *crtend?.o) .dtors)
 *(SORT(.dtors.*))
 *(.dtors)
 *(.rodata*)
 .rodata.str1.4
                0x08004564       0x68 ..\obj\aprs.o
                                 0x66 (size before relaxing)
 .rodata.str1.1
                0x080045cc       0x11 c:/program files (x86)/gnu tools arm embedded/5.4 2016q3/bin/../lib/gcc/arm-none-eabi/5.4.1/../../../../arm-none-eabi/lib/armv7-m\libg_nano.a(lib_a-nano-svfprintf.o)
 .rodata.str1.1
                0x080045dd       0x22 c:/program files (x86)/gnu tools arm embedded/5.4 2016q3/bin/../lib/gcc/arm-none-eabi/5.4.1/../../../../arm-none-eabi/lib/armv7-m\libg_nano.a(lib_a-nano-vfprintf_i.o)
 *(.eh_fram e*)

.glue_7         0x08004600        0x0
 .glue_7        0x08004600        0x0 linker stubs

.glue_7t        0x08004600        0x0
 .glue_7t       0x08004600        0x0 linker stubs

.vfp11_veneer   0x08004600        0x0
 .vfp11_veneer  0x08004600        0x0 linker stubs

.v4_bx          0x08004600        0x0
 .v4_bx         0x08004600        0x0 linker stubs

.iplt           0x08004600        0x0
 .iplt          0x08004600        0x0 ..\obj\delay.o

.ARM.extab      0x08004600       0x18
 *(.ARM.extab* .gnu.linkonce.armextab.*)
 .ARM.extab     0x08004600       0x18 c:/program files (x86)/gnu tools arm embedded/5.4 2016q3/bin/../lib/gcc/arm-none-eabi/5.4.1/armv7-m\libgcc.a(pr-support.o)
                0x08004618                __exidx_start = .

.ARM.exidx      0x08004618      0x108
 *(.ARM.exidx* .gnu.linkonce.armexidx.*)
 .ARM.exidx.text.aprs_init
                0x08004618        0x8 ..\obj\aprs.o
 .ARM.exidx.text.aprs_timer_handler
                0x08004620        0x8 ..\obj\aprs.o
 .ARM.exidx.text.aprs_is_active
                0x08004628        0x0 ..\obj\aprs.o
                                  0x8 (size before relaxing)
 .ARM.exidx.text.aprs_send_status_ok
                0x08004628        0x8 ..\obj\aprs.o
 .ARM.exidx.text.aprs_send_status
                0x08004630        0x0 ..\obj\aprs.o
                                  0x8 (size before relaxing)
 .ARM.exidx.text.aprs_send_position
                0x08004630       0x10 ..\obj\aprs.o
                                  0x8 (size before relaxing)
 .ARM.exidx.text._ZN9QAPRSBase12ax25SendByteEh
                0x08004640        0x8 ..\obj\QAPRSBase.o
 .ARM.exidx.text._ZN9QAPRSBase4sendEPcj
                0x08004648        0x8 ..\obj\QAPRSBase.o
 .ARM.exidx.text._ZN9QAPRSBase8sendDataEPc
                0x08004650        0x8 ..\obj\QAPRSBase.o
 .ARM.exidx.text._ZN9QAPRSBase11parseRelaysEPKcPc
                0x08004658        0x0 ..\obj\QAPRSBase.o
                                  0x8 (size before relaxing)
 .ARM.exidx.text._ZN9QAPRSBase4initEaaPchS0_hS0_
                0x08004658        0x8 ..\obj\QAPRSBase.o
 .ARM.exidx.text._ZN9QAPRSBase21timerInterruptHandlerEv
                0x08004660       0x10 ..\obj\QAPRSBase.o
                                  0x8 (size before relaxing)
 .ARM.exidx     0x08004670       0x78 c:/program files (x86)/gnu tools arm embedded/5.4 2016q3/bin/../lib/gcc/arm-none-eabi/5.4.1/armv7-m\libgcc.a(unwind-arm.o)
                                 0xd8 (size before relaxing)
 .ARM.exidx     0x080046e8       0x38 c:/program files (x86)/gnu tools arm embedded/5.4 2016q3/bin/../lib/gcc/arm-none-eabi/5.4.1/armv7-m\libgcc.a(pr-support.o)
                                 0x48 (size before relaxing)
                0x08004720                __exidx_end = .
                0x08004720                __etext = .
                0x08004720                _sidata = __etext

.rel.dyn        0x08004720        0x0
 .rel.iplt      0x08004720        0x0 ..\obj\delay.o

.data           0x20000000       0x78 load address 0x08004720
                0x20000000                __data_start__ = .
                0x20000000                _sdata = __data_start__
 *(vtable)
 *(.data*)
 .data          0x20000000       0x14 ..\obj\stm32f10x_rcc.o
 .data.impure_data
                0x20000014       0x60 c:/program files (x86)/gnu tools arm embedded/5.4 2016q3/bin/../lib/gcc/arm-none-eabi/5.4.1/../../../../arm-none-eabi/lib/armv7-m\libg_nano.a(lib_a-impure.o)
 .data._impure_ptr
                0x20000074        0x4 c:/program files (x86)/gnu tools arm embedded/5.4 2016q3/bin/../lib/gcc/arm-none-eabi/5.4.1/../../../../arm-none-eabi/lib/armv7-m\libg_nano.a(lib_a-impure.o)
                0x20000074                _impure_ptr
                0x20000078                . = ALIGN (0x4)
                [!provide]                PROVIDE (__preinit_array_start, .)
 *(.preinit_array)
                [!provide]                PROVIDE (__preinit_array_end, .)
                0x20000078                . = ALIGN (0x4)
                [!provide]                PROVIDE (__init_array_start, .)
 *(SORT(.init_array.*))
 *(.init_array)
                [!provide]                PROVIDE (__init_array_end, .)
                0x20000078                . = ALIGN (0x4)
                [!provide]                PROVIDE (__fini_array_start, .)
 *(SORT(.fini_array.*))
 *(.fini_array)
                [!provide]                PROVIDE (__fini_array_end, .)
 *(.jcr*)
                0x20000078                . = ALIGN (0x4)
                0x20000078                __data_end__ = .
                0x20000078                _edata = __data_end__

.igot.plt       0x20000078        0x0 load address 0x08004798
 .igot.plt      0x20000078        0x0 ..\obj\delay.o

.bss            0x20000078      0x2a0 load address 0x08004798
                0x20000078                . = ALIGN (0x4)
                0x20000078                __bss_start__ = .
                0x20000078                _sbss = __bss_start__
 *(.bss*)
 .bss           0x20000078       0x14 ..\obj\main.o
                0x20000078                tx_on
                0x20000079                tx_enable
                0x2000007c                stat_sended
                0x20000080                disable_armed
                0x20000082                button_pressed
                0x20000084                pun
                0x20000085                flaga
 .bss           0x2000008c       0x69 ..\obj\ublox.o
                0x2000008c                ack_received
                0x2000008d                nack_received
                0x200000f4                active
 *fill*         0x200000f5        0x3 
 .bss           0x200000f8      0x178 ..\obj\aprs.o
                0x200000f8                qaprs
 .bss           0x20000270        0x4 ..\obj\syscalls.o
 .bss           0x20000274       0x10 ..\obj\QAPRSBase.o
                0x2000027c                QAPRSGlobalObject
                0x20000280                ADCVal
 .bss.__malloc_sbrk_start
                0x20000284        0x4 c:/program files (x86)/gnu tools arm embedded/5.4 2016q3/bin/../lib/gcc/arm-none-eabi/5.4.1/../../../../arm-none-eabi/lib/armv7-m\libg_nano.a(lib_a-nano-mallocr.o)
                0x20000284                __malloc_sbrk_start
 .bss.__malloc_free_list
                0x20000288        0x4 c:/program files (x86)/gnu tools arm embedded/5.4 2016q3/bin/../lib/gcc/arm-none-eabi/5.4.1/../../../../arm-none-eabi/lib/armv7-m\libg_nano.a(lib_a-nano-mallocr.o)
                0x20000288                __malloc_free_list
 *(COMMON)
 COMMON         0x2000028c        0x1 ..\obj\delay.o
                0x2000028c                done
 *fill*         0x2000028d        0x3 
 COMMON         0x20000290       0x1c ..\obj\ublox.o
                0x20000290                currentGPSData
 COMMON         0x200002ac       0x68 ..\obj\init.o
                0x200002ac                ADC_InitStructure
                0x200002c0                GPIO_Conf
                0x200002c4                SPI_InitStructure
                0x200002d8                USART_InitStructure
                0x200002e8                DMA_InitStructure
 COMMON         0x20000314        0x4 c:/program files (x86)/gnu tools arm embedded/5.4 2016q3/bin/../lib/gcc/arm-none-eabi/5.4.1/../../../../arm-none-eabi/lib/armv7-m\libg_nano.a(lib_a-reent.o)
                0x20000314                errno
                0x20000318                . = ALIGN (0x4)
                0x20000318                __bss_end__ = .
                0x20000318                _ebss = __bss_end__

.heap           0x20000318        0x0
                0x20000318                __end__ = .
                0x20000318                _end = __end__
                0x20000318                end = __end__
 *(.heap*)
                0x20000318                __HeapLimit = .

.co_stack       0x20000318      0x400 load address 0x08004a38
                0x20000318                . = ALIGN (0x8)
 *(.co_stack .co_stack.*)
 .co_stack      0x20000318      0x400 ..\obj\startup_stm32f10x_md_vl.o
                0x20000318                pulStack
                0x20002000                __StackTop = (ORIGIN (ram) + LENGTH (ram))
                0x20001c00                __StackLimit = (__StackTop - SIZEOF (.co_stack))
                [!provide]                PROVIDE (__stack, __StackTop)
                0x00000001                ASSERT ((__StackLimit >= __HeapLimit), region ram  overflowed with stack)
LOAD ..\obj\delay.o
LOAD ..\obj\stm32f10x_tim.o
LOAD ..\obj\fun.o
LOAD ..\obj\startup_stm32f10x_md_vl.o
LOAD ..\obj\system_stm32f10x.o
LOAD ..\obj\stm32f10x_pwr.o
LOAD ..\obj\stm32f10x_gpio.o
LOAD ..\obj\main.o
LOAD ..\obj\ublox.o
LOAD ..\obj\init.o
LOAD ..\obj\aprs.o
LOAD ..\obj\stm32f10x_rcc.o
LOAD ..\obj\radio.o
LOAD ..\obj\stm32f10x_adc.o
LOAD ..\obj\stm32f10x_usart.o
LOAD ..\obj\syscalls.o
LOAD ..\obj\stm32f10x_flash.o
LOAD ..\obj\stm32f10x_dma.o
LOAD ..\obj\misc.o
LOAD ..\obj\stm32f10x_spi.o
LOAD ..\obj\QAPRSBase.o
LOAD c:/program files (x86)/gnu tools arm embedded/5.4 2016q3/bin/../lib/gcc/arm-none-eabi/5.4.1/../../../../arm-none-eabi/lib/armv7-m\libstdc++_nano.a
START GROUP
LOAD c:/program files (x86)/gnu tools arm embedded/5.4 2016q3/bin/../lib/gcc/arm-none-eabi/5.4.1/armv7-m\libgcc.a
LOAD c:/program files (x86)/gnu tools arm embedded/5.4 2016q3/bin/../lib/gcc/arm-none-eabi/5.4.1/../../../../arm-none-eabi/lib/armv7-m\libg_nano.a
LOAD c:/program files (x86)/gnu tools arm embedded/5.4 2016q3/bin/../lib/gcc/arm-none-eabi/5.4.1/../../../../arm-none-eabi/lib/armv7-m\libc_nano.a
END GROUP
START GROUP
LOAD c:/program files (x86)/gnu tools arm embedded/5.4 2016q3/bin/../lib/gcc/arm-none-eabi/5.4.1/armv7-m\libgcc.a
LOAD c:/program files (x86)/gnu tools arm embedded/5.4 2016q3/bin/../lib/gcc/arm-none-eabi/5.4.1/../../../../arm-none-eabi/lib/armv7-m\libc_nano.a
END GROUP
OUTPUT(rtty.elf elf32-littlearm)

.debug_info     0x00000000    0x1042c
 .debug_info    0x00000000      0x85c ..\obj\delay.o
 .debug_info    0x0000085c     0x2531 ..\obj\stm32f10x_tim.o
 .debug_info    0x00002d8d      0x10e ..\obj\startup_stm32f10x_md_vl.o
 .debug_info    0x00002e9b      0x88f ..\obj\stm32f10x_gpio.o
 .debug_info    0x0000372a      0xb81 ..\obj\main.o
 .debug_info    0x000042ab     0x1a55 ..\obj\ublox.o
 .debug_info    0x00005d00     0x1aa4 ..\obj\init.o
 .debug_info    0x000077a4      0xba3 ..\obj\aprs.o
 .debug_info    0x00008347      0x9b3 ..\obj\stm32f10x_rcc.o
 .debug_info    0x00008cfa      0xdee ..\obj\radio.o
 .debug_info    0x00009ae8      0xc27 ..\obj\stm32f10x_adc.o
 .debug_info    0x0000a70f      0xb26 ..\obj\stm32f10x_usart.o
 .debug_info    0x0000b235      0x432 ..\obj\syscalls.o
 .debug_info    0x0000b667     0x1540 ..\obj\stm32f10x_flash.o
 .debug_info    0x0000cba7      0x426 ..\obj\stm32f10x_dma.o
 .debug_info    0x0000cfcd      0x55c ..\obj\misc.o
 .debug_info    0x0000d529      0x9c9 ..\obj\stm32f10x_spi.o
 .debug_info    0x0000def2     0x253a ..\obj\QAPRSBase.o

.debug_abbrev   0x00000000     0x287f
 .debug_abbrev  0x00000000      0x1f7 ..\obj\delay.o
 .debug_abbrev  0x000001f7      0x2b3 ..\obj\stm32f10x_tim.o
 .debug_abbrev  0x000004aa       0xdf ..\obj\startup_stm32f10x_md_vl.o
 .debug_abbrev  0x00000589      0x200 ..\obj\stm32f10x_gpio.o
 .debug_abbrev  0x00000789      0x21d ..\obj\main.o
 .debug_abbrev  0x000009a6      0x30c ..\obj\ublox.o
 .debug_abbrev  0x00000cb2      0x2e3 ..\obj\init.o
 .debug_abbrev  0x00000f95      0x2f2 ..\obj\aprs.o
 .debug_abbrev  0x00001287      0x26e ..\obj\stm32f10x_rcc.o
 .debug_abbrev  0x000014f5      0x257 ..\obj\radio.o
 .debug_abbrev  0x0000174c      0x1e6 ..\obj\stm32f10x_adc.o
 .debug_abbrev  0x00001932      0x1e4 ..\obj\stm32f10x_usart.o
 .debug_abbrev  0x00001b16      0x147 ..\obj\syscalls.o
 .debug_abbrev  0x00001c5d      0x21e ..\obj\stm32f10x_flash.o
 .debug_abbrev  0x00001e7b      0x1c6 ..\obj\stm32f10x_dma.o
 .debug_abbrev  0x00002041      0x156 ..\obj\misc.o
 .debug_abbrev  0x00002197      0x1e6 ..\obj\stm32f10x_spi.o
 .debug_abbrev  0x0000237d      0x502 ..\obj\QAPRSBase.o

.debug_loc      0x00000000     0xabcc
 .debug_loc     0x00000000       0xc0 ..\obj\delay.o
 .debug_loc     0x000000c0     0x23d1 ..\obj\stm32f10x_tim.o
 .debug_loc     0x00002491     0x1532 ..\obj\stm32f10x_gpio.o
 .debug_loc     0x000039c3      0x805 ..\obj\ublox.o
 .debug_loc     0x000041c8      0x11f ..\obj\init.o
 .debug_loc     0x000042e7      0x7a6 ..\obj\aprs.o
 .debug_loc     0x00004a8d      0x81c ..\obj\stm32f10x_rcc.o
 .debug_loc     0x000052a9      0x31a ..\obj\radio.o
 .debug_loc     0x000055c3      0x9cd ..\obj\stm32f10x_adc.o
 .debug_loc     0x00005f90      0x84f ..\obj\stm32f10x_usart.o
 .debug_loc     0x000067df       0xe7 ..\obj\syscalls.o
 .debug_loc     0x000068c6     0x24e7 ..\obj\stm32f10x_flash.o
 .debug_loc     0x00008dad       0xfe ..\obj\stm32f10x_dma.o
 .debug_loc     0x00008eab      0x193 ..\obj\misc.o
 .debug_loc     0x0000903e      0x555 ..\obj\stm32f10x_spi.o
 .debug_loc     0x00009593     0x1639 ..\obj\QAPRSBase.o

.debug_aranges  0x00000000      0xc48
 .debug_aranges
                0x00000000       0x38 ..\obj\delay.o
 .debug_aranges
                0x00000038      0x2c0 ..\obj\stm32f10x_tim.o
 .debug_aranges
                0x000002f8       0x28 ..\obj\startup_stm32f10x_md_vl.o
 .debug_aranges
                0x00000320       0xa8 ..\obj\stm32f10x_gpio.o
 .debug_aranges
                0x000003c8       0x30 ..\obj\main.o
 .debug_aranges
                0x000003f8       0x60 ..\obj\ublox.o
 .debug_aranges
                0x00000458       0x58 ..\obj\init.o
 .debug_aranges
                0x000004b0       0x58 ..\obj\aprs.o
 .debug_aranges
                0x00000508      0x120 ..\obj\stm32f10x_rcc.o
 .debug_aranges
                0x00000628       0x50 ..\obj\radio.o
 .debug_aranges
                0x00000678      0x138 ..\obj\stm32f10x_adc.o
 .debug_aranges
                0x000007b0      0x100 ..\obj\stm32f10x_usart.o
 .debug_aranges
                0x000008b0       0x58 ..\obj\syscalls.o
 .debug_aranges
                0x00000908       0xd8 ..\obj\stm32f10x_flash.o
 .debug_aranges
                0x000009e0       0x60 ..\obj\stm32f10x_dma.o
 .debug_aranges
                0x00000a40       0x40 ..\obj\misc.o
 .debug_aranges
                0x00000a80       0xd0 ..\obj\stm32f10x_spi.o
 .debug_aranges
                0x00000b50       0xf8 ..\obj\QAPRSBase.o

.debug_ranges   0x00000000     0x1e48
 .debug_ranges  0x00000000       0x28 ..\obj\delay.o
 .debug_ranges  0x00000028      0x4b0 ..\obj\stm32f10x_tim.o
 .debug_ranges  0x000004d8       0x18 ..\obj\startup_stm32f10x_md_vl.o
 .debug_ranges  0x000004f0       0x98 ..\obj\stm32f10x_gpio.o
 .debug_ranges  0x00000588       0x38 ..\obj\main.o
 .debug_ranges  0x000005c0      0x120 ..\obj\ublox.o
 .debug_ranges  0x000006e0       0x78 ..\obj\init.o
 .debug_ranges  0x00000758       0x80 ..\obj\aprs.o
 .debug_ranges  0x000007d8      0x130 ..\obj\stm32f10x_rcc.o
 .debug_ranges  0x00000908      0x168 ..\obj\radio.o
 .debug_ranges  0x00000a70      0x128 ..\obj\stm32f10x_adc.o
 .debug_ranges  0x00000b98       0xf0 ..\obj\stm32f10x_usart.o
 .debug_ranges  0x00000c88       0x48 ..\obj\syscalls.o
 .debug_ranges  0x00000cd0      0xba8 ..\obj\stm32f10x_flash.o
 .debug_ranges  0x00001878       0x50 ..\obj\stm32f10x_dma.o
 .debug_ranges  0x000018c8       0x30 ..\obj\misc.o
 .debug_ranges  0x000018f8       0xc0 ..\obj\stm32f10x_spi.o
 .debug_ranges  0x000019b8      0x490 ..\obj\QAPRSBase.o

.debug_line     0x00000000     0x57ab
 .debug_line    0x00000000      0x2b7 ..\obj\delay.o
 .debug_line    0x000002b7      0xd54 ..\obj\stm32f10x_tim.o
 .debug_line    0x0000100b       0xac ..\obj\startup_stm32f10x_md_vl.o
 .debug_line    0x000010b7      0x51a ..\obj\stm32f10x_gpio.o
 .debug_line    0x000015d1      0x31e ..\obj\main.o
 .debug_line    0x000018ef      0x59f ..\obj\ublox.o
 .debug_line    0x00001e8e      0x50c ..\obj\init.o
 .debug_line    0x0000239a      0x317 ..\obj\aprs.o
 .debug_line    0x000026b1      0x544 ..\obj\stm32f10x_rcc.o
 .debug_line    0x00002bf5      0x373 ..\obj\radio.o
 .debug_line    0x00002f68      0x5a1 ..\obj\stm32f10x_adc.o
 .debug_line    0x00003509      0x516 ..\obj\stm32f10x_usart.o
 .debug_line    0x00003a1f      0x1df ..\obj\syscalls.o
 .debug_line    0x00003bfe      0x8b6 ..\obj\stm32f10x_flash.o
 .debug_line    0x000044b4      0x33f ..\obj\stm32f10x_dma.o
 .debug_line    0x000047f3      0x2a5 ..\obj\misc.o
 .debug_line    0x00004a98      0x486 ..\obj\stm32f10x_spi.o
 .debug_line    0x00004f1e      0x88d ..\obj\QAPRSBase.o

.debug_str      0x00000000     0x42da
 .debug_str     0x00000000      0x6e6 ..\obj\delay.o
                                0x753 (size before relaxing)
 .debug_str     0x000006e6      0xa26 ..\obj\stm32f10x_tim.o
                                0xe0b (size before relaxing)
 .debug_str     0x0000110c       0xd2 ..\obj\startup_stm32f10x_md_vl.o
                                0x169 (size before relaxing)
 .debug_str     0x000011de      0x384 ..\obj\stm32f10x_gpio.o
                                0x54b (size before relaxing)
 .debug_str     0x00001562      0x33f ..\obj\main.o
                                0x65d (size before relaxing)
 .debug_str     0x000018a1      0x4cb ..\obj\ublox.o
                                0x7c2 (size before relaxing)
 .debug_str     0x00001d6c      0x664 ..\obj\init.o
                                0xeb8 (size before relaxing)
 .debug_str     0x000023d0      0x842 ..\obj\aprs.o
                                0xa76 (size before relaxing)
 .debug_str     0x00002c12      0x389 ..\obj\stm32f10x_rcc.o
                                0x688 (size before relaxing)
 .debug_str     0x00002f9b       0xe9 ..\obj\radio.o
                                0x3a9 (size before relaxing)
 .debug_str     0x00003084      0x3d0 ..\obj\stm32f10x_adc.o
                                0x72d (size before relaxing)
 .debug_str     0x00003454      0x332 ..\obj\stm32f10x_usart.o
                                0x6eb (size before relaxing)
 .debug_str     0x00003786      0x18b ..\obj\syscalls.o
                                0x34d (size before relaxing)
 .debug_str     0x00003911      0x3c6 ..\obj\stm32f10x_flash.o
                                0x5bc (size before relaxing)
 .debug_str     0x00003cd7      0x10c ..\obj\stm32f10x_dma.o
                                0x39d (size before relaxing)
 .debug_str     0x00003de3      0x156 ..\obj\misc.o
                                0x3d9 (size before relaxing)
 .debug_str     0x00003f39      0x260 ..\obj\stm32f10x_spi.o
                                0x658 (size before relaxing)
 .debug_str     0x00004199      0x141 ..\obj\QAPRSBase.o
                                0xbae (size before relaxing)

.comment        0x00000000       0x6e
 .comment       0x00000000       0x6e ..\obj\delay.o
                                 0x6f (size before relaxing)
 .comment       0x0000006e       0x6f ..\obj\stm32f10x_tim.o
 .comment       0x0000006e       0x6f ..\obj\startup_stm32f10x_md_vl.o
 .comment       0x0000006e       0x6f ..\obj\stm32f10x_gpio.o
 .comment       0x0000006e       0x6f ..\obj\main.o
 .comment       0x0000006e       0x6f ..\obj\ublox.o
 .comment       0x0000006e       0x6f ..\obj\init.o
 .comment       0x0000006e       0x6f ..\obj\aprs.o
 .comment       0x0000006e       0x6f ..\obj\stm32f10x_rcc.o
 .comment       0x0000006e       0x6f ..\obj\radio.o
 .comment       0x0000006e       0x6f ..\obj\stm32f10x_adc.o
 .comment       0x0000006e       0x6f ..\obj\stm32f10x_usart.o
 .comment       0x0000006e       0x6f ..\obj\syscalls.o
 .comment       0x0000006e       0x6f ..\obj\stm32f10x_flash.o
 .comment       0x0000006e       0x6f ..\obj\stm32f10x_dma.o
 .comment       0x0000006e       0x6f ..\obj\misc.o
 .comment       0x0000006e       0x6f ..\obj\stm32f10x_spi.o
 .comment       0x0000006e       0x6f ..\obj\QAPRSBase.o

.ARM.attributes
                0x00000000       0x31
 .ARM.attributes
                0x00000000       0x33 ..\obj\delay.o
 .ARM.attributes
                0x00000033       0x33 ..\obj\stm32f10x_tim.o
 .ARM.attributes
                0x00000066       0x33 ..\obj\startup_stm32f10x_md_vl.o
 .ARM.attributes
                0x00000099       0x33 ..\obj\stm32f10x_gpio.o
 .ARM.attributes
                0x000000cc       0x33 ..\obj\main.o
 .ARM.attributes
                0x000000ff       0x33 ..\obj\ublox.o
 .ARM.attributes
                0x00000132       0x33 ..\obj\init.o
 .ARM.attributes
                0x00000165       0x33 ..\obj\aprs.o
 .ARM.attributes
                0x00000198       0x33 ..\obj\stm32f10x_rcc.o
 .ARM.attributes
                0x000001cb       0x33 ..\obj\radio.o
 .ARM.attributes
                0x000001fe       0x33 ..\obj\stm32f10x_adc.o
 .ARM.attributes
                0x00000231       0x33 ..\obj\stm32f10x_usart.o
 .ARM.attributes
                0x00000264       0x33 ..\obj\syscalls.o
 .ARM.attributes
                0x00000297       0x33 ..\obj\stm32f10x_flash.o
 .ARM.attributes
                0x000002ca       0x33 ..\obj\stm32f10x_dma.o
 .ARM.attributes
                0x000002fd       0x33 ..\obj\misc.o
 .ARM.attributes
                0x00000330       0x33 ..\obj\stm32f10x_spi.o
 .ARM.attributes
                0x00000363       0x33 ..\obj\QAPRSBase.o
 .ARM.attributes
                0x00000396       0x1d c:/program files (x86)/gnu tools arm embedded/5.4 2016q3/bin/../lib/gcc/arm-none-eabi/5.4.1/armv7-m\libgcc.a(_arm_addsubsf3.o)
 .ARM.attributes
                0x000003b3       0x1d c:/program files (x86)/gnu tools arm embedded/5.4 2016q3/bin/../lib/gcc/arm-none-eabi/5.4.1/armv7-m\libgcc.a(_arm_muldivsf3.o)
 .ARM.attributes
                0x000003d0       0x1d c:/program files (x86)/gnu tools arm embedded/5.4 2016q3/bin/../lib/gcc/arm-none-eabi/5.4.1/armv7-m\libgcc.a(_arm_cmpsf2.o)
 .ARM.attributes
                0x000003ed       0x1d c:/program files (x86)/gnu tools arm embedded/5.4 2016q3/bin/../lib/gcc/arm-none-eabi/5.4.1/armv7-m\libgcc.a(_arm_fixunssfsi.o)
 .ARM.attributes
                0x0000040a       0x2d c:/program files (x86)/gnu tools arm embedded/5.4 2016q3/bin/../lib/gcc/arm-none-eabi/5.4.1/../../../../arm-none-eabi/lib/armv7-m\libg_nano.a(lib_a-memcpy-stub.o)
 .ARM.attributes
                0x00000437       0x2d c:/program files (x86)/gnu tools arm embedded/5.4 2016q3/bin/../lib/gcc/arm-none-eabi/5.4.1/../../../../arm-none-eabi/lib/armv7-m\libg_nano.a(lib_a-memset.o)
 .ARM.attributes
                0x00000464       0x2d c:/program files (x86)/gnu tools arm embedded/5.4 2016q3/bin/../lib/gcc/arm-none-eabi/5.4.1/../../../../arm-none-eabi/lib/armv7-m\libg_nano.a(lib_a-sprintf.o)
 .ARM.attributes
                0x00000491       0x2d c:/program files (x86)/gnu tools arm embedded/5.4 2016q3/bin/../lib/gcc/arm-none-eabi/5.4.1/../../../../arm-none-eabi/lib/armv7-m\libg_nano.a(lib_a-strcpy.o)
 .ARM.attributes
                0x000004be       0x17 c:/program files (x86)/gnu tools arm embedded/5.4 2016q3/bin/../lib/gcc/arm-none-eabi/5.4.1/../../../../arm-none-eabi/lib/armv7-m\libg_nano.a(lib_a-strlen.o)
 .ARM.attributes
                0x000004d5       0x2d c:/program files (x86)/gnu tools arm embedded/5.4 2016q3/bin/../lib/gcc/arm-none-eabi/5.4.1/../../../../arm-none-eabi/lib/armv7-m\libg_nano.a(lib_a-strncpy.o)
 .ARM.attributes
                0x00000502       0x2d c:/program files (x86)/gnu tools arm embedded/5.4 2016q3/bin/../lib/gcc/arm-none-eabi/5.4.1/../../../../arm-none-eabi/lib/armv7-m\libg_nano.a(lib_a-impure.o)
 .ARM.attributes
                0x0000052f       0x2d c:/program files (x86)/gnu tools arm embedded/5.4 2016q3/bin/../lib/gcc/arm-none-eabi/5.4.1/../../../../arm-none-eabi/lib/armv7-m\libg_nano.a(lib_a-nano-svfprintf.o)
 .ARM.attributes
                0x0000055c       0x2d c:/program files (x86)/gnu tools arm embedded/5.4 2016q3/bin/../lib/gcc/arm-none-eabi/5.4.1/../../../../arm-none-eabi/lib/armv7-m\libg_nano.a(lib_a-nano-vfprintf_i.o)
 .ARM.attributes
                0x00000589       0x2d c:/program files (x86)/gnu tools arm embedded/5.4 2016q3/bin/../lib/gcc/arm-none-eabi/5.4.1/../../../../arm-none-eabi/lib/armv7-m\libg_nano.a(lib_a-memchr-stub.o)
 .ARM.attributes
                0x000005b6       0x2d c:/program files (x86)/gnu tools arm embedded/5.4 2016q3/bin/../lib/gcc/arm-none-eabi/5.4.1/../../../../arm-none-eabi/lib/armv7-m\libg_nano.a(lib_a-memmove.o)
 .ARM.attributes
                0x000005e3       0x2d c:/program files (x86)/gnu tools arm embedded/5.4 2016q3/bin/../lib/gcc/arm-none-eabi/5.4.1/../../../../arm-none-eabi/lib/armv7-m\libg_nano.a(lib_a-nano-freer.o)
 .ARM.attributes
                0x00000610       0x2d c:/program files (x86)/gnu tools arm embedded/5.4 2016q3/bin/../lib/gcc/arm-none-eabi/5.4.1/../../../../arm-none-eabi/lib/armv7-m\libg_nano.a(lib_a-nano-mallocr.o)
 .ARM.attributes
                0x0000063d       0x2d c:/program files (x86)/gnu tools arm embedded/5.4 2016q3/bin/../lib/gcc/arm-none-eabi/5.4.1/../../../../arm-none-eabi/lib/armv7-m\libg_nano.a(lib_a-nano-reallocr.o)
 .ARM.attributes
                0x0000066a       0x2d c:/program files (x86)/gnu tools arm embedded/5.4 2016q3/bin/../lib/gcc/arm-none-eabi/5.4.1/../../../../arm-none-eabi/lib/armv7-m\libg_nano.a(lib_a-sbrkr.o)
 .ARM.attributes
                0x00000697       0x2d c:/program files (x86)/gnu tools arm embedded/5.4 2016q3/bin/../lib/gcc/arm-none-eabi/5.4.1/../../../../arm-none-eabi/lib/armv7-m\libg_nano.a(lib_a-mlock.o)
 .ARM.attributes
                0x000006c4       0x2d c:/program files (x86)/gnu tools arm embedded/5.4 2016q3/bin/../lib/gcc/arm-none-eabi/5.4.1/../../../../arm-none-eabi/lib/armv7-m\libg_nano.a(lib_a-nano-msizer.o)
 .ARM.attributes
                0x000006f1       0x2d c:/program files (x86)/gnu tools arm embedded/5.4 2016q3/bin/../lib/gcc/arm-none-eabi/5.4.1/../../../../arm-none-eabi/lib/armv7-m\libg_nano.a(lib_a-reent.o)

.debug_frame    0x00000000     0x2334
 .debug_frame   0x00000000       0x88 ..\obj\delay.o
 .debug_frame   0x00000088      0x738 ..\obj\stm32f10x_tim.o
 .debug_frame   0x000007c0       0x3c ..\obj\startup_stm32f10x_md_vl.o
 .debug_frame   0x000007fc      0x1b0 ..\obj\stm32f10x_gpio.o
 .debug_frame   0x000009ac       0x74 ..\obj\main.o
 .debug_frame   0x00000a20      0x118 ..\obj\ublox.o
 .debug_frame   0x00000b38      0x120 ..\obj\init.o
 .debug_frame   0x00000c58       0xf0 ..\obj\aprs.o
 .debug_frame   0x00000d48      0x240 ..\obj\stm32f10x_rcc.o
 .debug_frame   0x00000f88       0xd0 ..\obj\radio.o
 .debug_frame   0x00001058      0x2c0 ..\obj\stm32f10x_adc.o
 .debug_frame   0x00001318      0x258 ..\obj\stm32f10x_usart.o
 .debug_frame   0x00001570       0xa0 ..\obj\syscalls.o
 .debug_frame   0x00001610      0x300 ..\obj\stm32f10x_flash.o
 .debug_frame   0x00001910       0xd0 ..\obj\stm32f10x_dma.o
 .debug_frame   0x000019e0       0x6c ..\obj\misc.o
 .debug_frame   0x00001a4c      0x1cc ..\obj\stm32f10x_spi.o
 .debug_frame   0x00001c18      0x364 ..\obj\QAPRSBase.o
 .debug_frame   0x00001f7c       0x28 c:/program files (x86)/gnu tools arm embedded/5.4 2016q3/bin/../lib/gcc/arm-none-eabi/5.4.1/../../../../arm-none-eabi/lib/armv7-m\libg_nano.a(lib_a-memcpy-stub.o)
 .debug_frame   0x00001fa4       0x20 c:/program files (x86)/gnu tools arm embedded/5.4 2016q3/bin/../lib/gcc/arm-none-eabi/5.4.1/../../../../arm-none-eabi/lib/armv7-m\libg_nano.a(lib_a-memset.o)
 .debug_frame   0x00001fc4       0x70 c:/program files (x86)/gnu tools arm embedded/5.4 2016q3/bin/../lib/gcc/arm-none-eabi/5.4.1/../../../../arm-none-eabi/lib/armv7-m\libg_nano.a(lib_a-sprintf.o)
 .debug_frame   0x00002034       0x20 c:/program files (x86)/gnu tools arm embedded/5.4 2016q3/bin/../lib/gcc/arm-none-eabi/5.4.1/../../../../arm-none-eabi/lib/armv7-m\libg_nano.a(lib_a-strcpy.o)
 .debug_frame   0x00002054       0x28 c:/program files (x86)/gnu tools arm embedded/5.4 2016q3/bin/../lib/gcc/arm-none-eabi/5.4.1/../../../../arm-none-eabi/lib/armv7-m\libg_nano.a(lib_a-strncpy.o)
 .debug_frame   0x0000207c       0x90 c:/program files (x86)/gnu tools arm embedded/5.4 2016q3/bin/../lib/gcc/arm-none-eabi/5.4.1/../../../../arm-none-eabi/lib/armv7-m\libg_nano.a(lib_a-nano-svfprintf.o)
 .debug_frame   0x0000210c       0x60 c:/program files (x86)/gnu tools arm embedded/5.4 2016q3/bin/../lib/gcc/arm-none-eabi/5.4.1/../../../../arm-none-eabi/lib/armv7-m\libg_nano.a(lib_a-nano-vfprintf_i.o)
 .debug_frame   0x0000216c       0x28 c:/program files (x86)/gnu tools arm embedded/5.4 2016q3/bin/../lib/gcc/arm-none-eabi/5.4.1/../../../../arm-none-eabi/lib/armv7-m\libg_nano.a(lib_a-memchr-stub.o)
 .debug_frame   0x00002194       0x28 c:/program files (x86)/gnu tools arm embedded/5.4 2016q3/bin/../lib/gcc/arm-none-eabi/5.4.1/../../../../arm-none-eabi/lib/armv7-m\libg_nano.a(lib_a-memmove.o)
 .debug_frame   0x000021bc       0x38 c:/program files (x86)/gnu tools arm embedded/5.4 2016q3/bin/../lib/gcc/arm-none-eabi/5.4.1/../../../../arm-none-eabi/lib/armv7-m\libg_nano.a(lib_a-nano-freer.o)
 .debug_frame   0x000021f4       0x2c c:/program files (x86)/gnu tools arm embedded/5.4 2016q3/bin/../lib/gcc/arm-none-eabi/5.4.1/../../../../arm-none-eabi/lib/armv7-m\libg_nano.a(lib_a-nano-mallocr.o)
 .debug_frame   0x00002220       0x3c c:/program files (x86)/gnu tools arm embedded/5.4 2016q3/bin/../lib/gcc/arm-none-eabi/5.4.1/../../../../arm-none-eabi/lib/armv7-m\libg_nano.a(lib_a-nano-reallocr.o)
 .debug_frame   0x0000225c       0x2c c:/program files (x86)/gnu tools arm embedded/5.4 2016q3/bin/../lib/gcc/arm-none-eabi/5.4.1/../../../../arm-none-eabi/lib/armv7-m\libg_nano.a(lib_a-sbrkr.o)
 .debug_frame   0x00002288       0x30 c:/program files (x86)/gnu tools arm embedded/5.4 2016q3/bin/../lib/gcc/arm-none-eabi/5.4.1/../../../../arm-none-eabi/lib/armv7-m\libg_nano.a(lib_a-mlock.o)
 .debug_frame   0x000022b8       0x20 c:/program files (x86)/gnu tools arm embedded/5.4 2016q3/bin/../lib/gcc/arm-none-eabi/5.4.1/../../../../arm-none-eabi/lib/armv7-m\libg_nano.a(lib_a-nano-msizer.o)
 .debug_frame   0x000022d8       0x5c c:/program files (x86)/gnu tools arm embedded/5.4 2016q3/bin/../lib/gcc/arm-none-eabi/5.4.1/../../../../arm-none-eabi/lib/armv7-m\libg_nano.a(lib_a-reent.o)
